      -----------------------------------------------------------      
     |                   =====================                   |     
     |                           x T B                           |     
     |                   =====================                   |     
     |                         S. Grimme                         |     
     |          Mulliken Center for Theoretical Chemistry        |     
     |                    University of Bonn                     |     
      -----------------------------------------------------------      

   * xtb version 6.6.1 (8d0f1dd) compiled by 'conda@1efc2f54142f' on 2023-08-01

   xtb is free software: you can redistribute it and/or modify it under
   the terms of the GNU Lesser General Public License as published by
   the Free Software Foundation, either version 3 of the License, or
   (at your option) any later version.
   
   xtb is distributed in the hope that it will be useful,
   but WITHOUT ANY WARRANTY; without even the implied warranty of
   MERCHANTABILITY or FITNESS FOR A PARTICULAR PURPOSE.  See the
   GNU Lesser General Public License for more details.
   
   Cite this work as:
   * C. Bannwarth, E. Caldeweyher, S. Ehlert, A. Hansen, P. Pracht,
     J. Seibert, S. Spicher, S. Grimme, WIREs Comput. Mol. Sci., 2020, 11,
     e01493. DOI: 10.1002/wcms.1493
   
   for GFN2-xTB:
   * C. Bannwarth, S. Ehlert and S. Grimme., J. Chem. Theory Comput., 2019,
     15, 1652-1671. DOI: 10.1021/acs.jctc.8b01176
   for GFN1-xTB:
   * S. Grimme, C. Bannwarth, P. Shushkov, J. Chem. Theory Comput., 2017,
     13, 1989-2009. DOI: 10.1021/acs.jctc.7b00118
   for GFN0-xTB:
   * P. Pracht, E. Caldeweyher, S. Ehlert, S. Grimme, ChemRxiv, 2019, preprint.
     DOI: 10.26434/chemrxiv.8326202.v1
   for GFN-FF:
   * S. Spicher and S. Grimme, Angew. Chem. Int. Ed., 2020, 59, 15665-15673.
     DOI: 10.1002/anie.202004239
   
   for ALPB and GBSA implicit solvation:
   * S. Ehlert, M. Stahn, S. Spicher, S. Grimme, J. Chem. Theory Comput.,
     2021, 17, 4250-4261. DOI: 10.1021/acs.jctc.1c00471
   
   for DFT-D4:
   * E. Caldeweyher, C. Bannwarth and S. Grimme, J. Chem. Phys., 2017,
     147, 034112. DOI: 10.1063/1.4993215
   * E. Caldeweyher, S. Ehlert, A. Hansen, H. Neugebauer, S. Spicher,
     C. Bannwarth and S. Grimme, J. Chem. Phys., 2019, 150, 154122.
     DOI: 10.1063/1.5090222
   * E. Caldeweyher, J.-M. Mewes, S. Ehlert and S. Grimme, Phys. Chem. Chem. Phys.
     2020, 22, 8499-8512. DOI: 10.1039/D0CP00502A
   
   for sTDA-xTB:
   * S. Grimme and C. Bannwarth, J. Chem. Phys., 2016, 145, 054103.
     DOI: 10.1063/1.4959605
   
   in the mass-spec context:
   * V. Asgeirsson, C. Bauer and S. Grimme, Chem. Sci., 2017, 8, 4879.
     DOI: 10.1039/c7sc00601b
   * J. Koopman and S. Grimme, ACS Omega 2019, 4, 12, 15120-15133.
     DOI: 10.1021/acsomega.9b02011
   
   for metadynamics refer to:
   * S. Grimme, J. Chem. Theory Comput., 2019, 155, 2847-2862
     DOI: 10.1021/acs.jctc.9b00143
   
   for SPH calculations refer to:
   * S. Spicher and S. Grimme, J. Chem. Theory Comput., 2021, 17, 1701-1714
     DOI: 10.1021/acs.jctc.0c01306
   
   with help from (in alphabetical order)
   P. Atkinson, C. Bannwarth, F. Bohle, G. Brandenburg, E. Caldeweyher
   M. Checinski, S. Dohm, S. Ehlert, S. Ehrlich, I. Gerasimov, C. Hölzer
   A. Katbashev, J. Koopman, C. Lavigne, S. Lehtola, F. März, M. Müller,
   F. Musil, H. Neugebauer, J. Pisarek, C. Plett, P. Pracht, F. Pultar,
   J. Seibert, P. Shushkov, S. Spicher, M. Stahn, M. Steiner, T. Strunk,
   J. Stückrath, T. Rose, and J. Unsleber
   
 * started run on 2024/05/26 at 21:41:13.868     

           -------------------------------------------------
          |                Calculation Setup                |
           -------------------------------------------------

          program call               : xtb dsgdb9nsd_130336-5.sdf --uhf 1 --opt
          coordinate file            : dsgdb9nsd_130336-5.sdf
          omp threads                :                    28

   ID    Z sym.   atoms
    1    7 N      1, 10, 11
    2    1 H      2-4, 13
    3    6 C      5-9
    4    8 O      12

           -------------------------------------------------
          |                 G F N 2 - x T B                 |
           -------------------------------------------------

        Reference                      10.1021/acs.jctc.8b01176
      * Hamiltonian:
        H0-scaling (s, p, d)           1.850000    2.230000    2.230000
        zeta-weighting                 0.500000
      * Dispersion:
        s8                             2.700000
        a1                             0.520000
        a2                             5.000000
        s9                             5.000000
      * Repulsion:
        kExp                           1.500000    1.000000
        rExp                           1.000000
      * Coulomb:
        alpha                          2.000000
        third order                    shell-resolved
        anisotropic                    true
        a3                             3.000000
        a5                             4.000000
        cn-shift                       1.200000
        cn-exp                         4.000000
        max-rad                        5.000000

q/qsh data taken from xtbrestart
CAMM data taken from xtbrestart

          ...................................................
          :                      SETUP                      :
          :.................................................:
          :  # basis functions                  40          :
          :  # atomic orbitals                  40          :
          :  # shells                           22          :
          :  # electrons                        45          :
          :  max. iterations                   250          :
          :  Hamiltonian                  GFN2-xTB          :
          :  restarted?                       true          :
          :  GBSA solvation                  false          :
          :  PC potential                    false          :
          :  electronic temp.          300.0000000     K    :
          :  accuracy                    1.0000000          :
          :  -> integral cutoff          0.2500000E+02      :
          :  -> integral neglect         0.1000000E-07      :
          :  -> SCF convergence          0.1000000E-05 Eh   :
          :  -> wf. convergence          0.1000000E-03 e    :
          :  Broyden damping             0.4000000          :
          ...................................................

 iter      E             dE          RMSdq      gap      omega  full diag
   1    -25.6043049 -0.256043E+02  0.563E-01    2.05       0.0  T
   2    -25.6052995 -0.994623E-03  0.318E-01    2.11       1.0  T
   3    -25.6053953 -0.957401E-04  0.162E-01    2.08       1.0  T
   4    -25.6054234 -0.281769E-04  0.615E-02    2.10       1.0  T
   5    -25.6054456 -0.221525E-04  0.206E-02    2.09       1.3  T
   6    -25.6054476 -0.197513E-05  0.116E-02    2.09       2.4  T
   7    -25.6054478 -0.219924E-06  0.499E-03    2.09       5.6  T
   8    -25.6054479 -0.155830E-06  0.166E-03    2.09      16.7  T
   9    -25.6054480 -0.101618E-07  0.959E-04    2.09      28.9  T
  10    -25.6054480 -0.591573E-08  0.233E-04    2.09     118.8  T

   *** convergence criteria satisfied after 10 iterations ***

         #    Occupation            Energy/Eh            Energy/eV
      -------------------------------------------------------------
         1        2.0000           -0.7424477             -20.2030
       ...           ...                  ...                  ...
        17        2.0000           -0.4407378             -11.9931
        18        2.0000           -0.4393112             -11.9543
        19        2.0000           -0.3941875             -10.7264
        20        2.0000           -0.3764069             -10.2426
        21        2.0000           -0.3504548              -9.5364
        22        1.9999           -0.3293265              -8.9614
        23        1.0001           -0.3110619              -8.4644 (HOMO)
        24                         -0.2343183              -6.3761 (LUMO)
        25                         -0.1359513              -3.6994
        26                         -0.1039965              -2.8299
        27                         -0.1000533              -2.7226
        28                         -0.0746868              -2.0323
       ...                                ...                  ...
        40                          0.6590432              17.9335
      -------------------------------------------------------------
                  HL-Gap            0.0767436 Eh            2.0883 eV
             Fermi-level           -0.2964422 Eh           -8.0666 eV

 SCC (total)                   0 d,  0 h,  0 min,  0.013 sec
 SCC setup                      ...        0 min,  0.000 sec (  2.451%)
 Dispersion                     ...        0 min,  0.002 sec ( 12.925%)
 classical contributions        ...        0 min,  0.001 sec (  5.997%)
 integral evaluation            ...        0 min,  0.001 sec (  9.133%)
 iterations                     ...        0 min,  0.007 sec ( 51.620%)
 molecular gradient             ...        0 min,  0.002 sec ( 15.409%)
 printout                       ...        0 min,  0.000 sec (  2.345%)

         :::::::::::::::::::::::::::::::::::::::::::::::::::::
         ::                     SUMMARY                     ::
         :::::::::::::::::::::::::::::::::::::::::::::::::::::
         :: total energy             -25.317743378272 Eh    ::
         :: gradient norm              0.082713470180 Eh/a0 ::
         :: HOMO-LUMO gap              2.088300834396 eV    ::
         ::.................................................::
         :: SCC energy               -25.605447957409 Eh    ::
         :: -> isotropic ES            0.058766931431 Eh    ::
         :: -> anisotropic ES          0.004647272098 Eh    ::
         :: -> anisotropic XC          0.015574593240 Eh    ::
         :: -> dispersion             -0.010722804304 Eh    ::
         :: repulsion energy           0.287684833288 Eh    ::
         :: add. restraining           0.000000000000 Eh    ::
         :: total charge               0.000000000000 e     ::
         :::::::::::::::::::::::::::::::::::::::::::::::::::::

      ----------------------------------------------------------- 
     |                   =====================                   |
     |                        A N C O P T                        |
     |                   =====================                   |
     |               Approximate Normal Coordinate               |
     |                Rational Function Optimizer                |
      ----------------------------------------------------------- 

          ...................................................
          :                      SETUP                      :
          :.................................................:
          :   optimization level            normal          :
          :   max. optcycles                   200          :
          :   ANC micro-cycles                  20          :
          :   degrees of freedom                33          :
          :.................................................:
          :   RF solver                   davidson          :
          :   write xtbopt.log                true          :
          :   linear?                        false          :
          :   energy convergence         0.5000000E-05 Eh   :
          :   grad. convergence          0.1000000E-02 Eh/α :
          :   maxmium RF displ.          1.0000000          :
          :   Hlow (freq-cutoff)         0.1000000E-01      :
          :   Hmax (freq-cutoff)         5.0000000          :
          :   S6 in model hess.         20.0000000          :
          ...................................................

generating ANC from model Hessian ...
Using Lindh-Hessian (1995)
 Shifting diagonal of input Hessian by    4.4058000596854628E-004
 Lowest  eigenvalues of input Hessian
    0.000000    0.000000    0.000000    0.000000    0.000000    0.000000
    0.010000    0.011131    0.017136    0.019703    0.045903    0.058938
    0.061045    0.095780    0.100672    0.127322    0.128509    0.176254
 Highest eigenvalues
    1.496130    1.711082    1.756224    1.887024    1.948313    2.187117


........................................................................
.............................. CYCLE    1 ..............................
........................................................................

 iter      E             dE          RMSdq      gap      omega  full diag
   1    -25.6054480 -0.256054E+02  0.101E-04    2.09       0.0  T
   2    -25.6054480 -0.304929E-10  0.663E-05    2.09     418.1  T
   3    -25.6054480 -0.259490E-10  0.371E-05    2.09     747.9  T
     SCC iter.                  ...        0 min,  0.002 sec
     gradient                   ...        0 min,  0.003 sec
 * total energy  :   -25.3177434 Eh     change       -0.2467182E-09 Eh
   gradient norm :     0.0827132 Eh/α   predicted     0.0000000E+00 (-100.00%)
   displ. norm   :     0.1253264 α      lambda       -0.7214149E-02
   maximum displ.:     0.0827349 α      in ANC's #17, #12, #24, ...

........................................................................
.............................. CYCLE    2 ..............................
........................................................................

 iter      E             dE          RMSdq      gap      omega  full diag
   1    -25.6215872 -0.256216E+02  0.291E-01    2.10       0.0  T
   2    -25.6216528 -0.655592E-04  0.165E-01    2.05       1.0  T
   3    -25.6216171  0.356750E-04  0.713E-02    2.11       1.0  T
   4    -25.6216641 -0.469649E-04  0.201E-02    2.06       1.4  T
   5    -25.6216681 -0.404597E-05  0.765E-03    2.07       3.6  T
   6    -25.6216684 -0.304962E-06  0.422E-03    2.07       6.6  T
   7    -25.6216685 -0.409911E-07  0.139E-03    2.07      19.9  T
   8    -25.6216685 -0.126296E-07  0.559E-04    2.07      49.6  T
   9    -25.6216685 -0.537796E-09  0.267E-04    2.07     103.9  T
     SCC iter.                  ...        0 min,  0.007 sec
     gradient                   ...        0 min,  0.001 sec
 * total energy  :   -25.3226719 Eh     change       -0.4928570E-02 Eh
   gradient norm :     0.0423084 Eh/α   predicted    -0.3663730E-02 ( -25.66%)
   displ. norm   :     0.0771440 α      lambda       -0.2511050E-02
   maximum displ.:     0.0419928 α      in ANC's #17, #24, #29, ...

........................................................................
.............................. CYCLE    3 ..............................
........................................................................

 iter      E             dE          RMSdq      gap      omega  full diag
   1    -25.6294634 -0.256295E+02  0.215E-01    2.09       0.0  T
   2    -25.6295883 -0.124808E-03  0.128E-01    2.06       1.0  T
   3    -25.6296024 -0.141726E-04  0.652E-02    2.07       1.0  T
   4    -25.6296093 -0.689973E-05  0.215E-02    2.07       1.3  T
   5    -25.6296124 -0.308513E-05  0.735E-03    2.07       3.8  T
   6    -25.6296126 -0.190027E-06  0.424E-03    2.07       6.5  T
   7    -25.6296126 -0.268798E-07  0.158E-03    2.07      17.5  T
   8    -25.6296126 -0.148735E-07  0.545E-04    2.07      50.9  T
   9    -25.6296126 -0.154152E-08  0.301E-04    2.07      92.1  T
     SCC iter.                  ...        0 min,  0.002 sec
     gradient                   ...        0 min,  0.001 sec
 * total energy  :   -25.3241089 Eh     change       -0.1436923E-02 Eh
   gradient norm :     0.0167703 Eh/α   predicted    -0.1262996E-02 ( -12.10%)
   displ. norm   :     0.0362317 α      lambda       -0.3261882E-03
   maximum displ.:     0.0206893 α      in ANC's #1, #4, #24, ...

........................................................................
.............................. CYCLE    4 ..............................
........................................................................

 iter      E             dE          RMSdq      gap      omega  full diag
   1    -25.6283729 -0.256284E+02  0.730E-02    2.08       0.0  T
   2    -25.6284067 -0.338265E-04  0.440E-02    2.08       1.0  T
   3    -25.6284113 -0.457242E-05  0.220E-02    2.07       1.3  T
   4    -25.6284106  0.708121E-06  0.121E-02    2.08       2.3  T
   5    -25.6284118 -0.124104E-05  0.333E-03    2.07       8.3  T
   6    -25.6284119 -0.553737E-07  0.159E-03    2.08      17.5  T
   7    -25.6284119 -0.402622E-08  0.806E-04    2.07      34.4  T
   8    -25.6284119 -0.295768E-08  0.231E-04    2.08     120.1  T
     SCC iter.                  ...        0 min,  0.003 sec
     gradient                   ...        0 min,  0.001 sec
 * total energy  :   -25.3243412 Eh     change       -0.2323742E-03 Eh
   gradient norm :     0.0100031 Eh/α   predicted    -0.1633068E-03 ( -29.72%)
   displ. norm   :     0.0310161 α      lambda       -0.1698092E-03
   maximum displ.:     0.0157069 α      in ANC's #4, #5, #24, ...

........................................................................
.............................. CYCLE    5 ..............................
........................................................................

 iter      E             dE          RMSdq      gap      omega  full diag
   1    -25.6265460 -0.256265E+02  0.677E-02    2.08       0.0  T
   2    -25.6265770 -0.309670E-04  0.395E-02    2.09       1.0  T
   3    -25.6265805 -0.349024E-05  0.204E-02    2.08       1.4  T
   4    -25.6265795  0.947110E-06  0.111E-02    2.09       2.5  T
   5    -25.6265809 -0.135231E-05  0.288E-03    2.08       9.6  T
   6    -25.6265809 -0.437689E-07  0.127E-03    2.08      21.8  T
   7    -25.6265809 -0.145286E-08  0.638E-04    2.08      43.5  T
   8    -25.6265809 -0.186308E-08  0.187E-04    2.08     147.9  T
     SCC iter.                  ...        0 min,  0.002 sec
     gradient                   ...        0 min,  0.001 sec
 * total energy  :   -25.3244367 Eh     change       -0.9546341E-04 Eh
   gradient norm :     0.0045548 Eh/α   predicted    -0.8498507E-04 ( -10.98%)
   displ. norm   :     0.0214747 α      lambda       -0.2101449E-04
   maximum displ.:     0.0202105 α      in ANC's #1, #4, #17, ...

........................................................................
.............................. CYCLE    6 ..............................
........................................................................

 iter      E             dE          RMSdq      gap      omega  full diag
   1    -25.6262504 -0.256263E+02  0.222E-02    2.08       0.0  T
   2    -25.6262523 -0.187726E-05  0.129E-02    2.09       2.2  T
   3    -25.6262525 -0.142012E-06  0.667E-03    2.08       4.2  T
   4    -25.6262524  0.205601E-07  0.195E-03    2.09      14.2  T
   5    -25.6262525 -0.494909E-07  0.644E-04    2.08      43.1  T
   6    -25.6262525 -0.231846E-08  0.286E-04    2.08      96.9  T
     SCC iter.                  ...        0 min,  0.002 sec
     gradient                   ...        0 min,  0.001 sec
 * total energy  :   -25.3244495 Eh     change       -0.1281969E-04 Eh
   gradient norm :     0.0025851 Eh/α   predicted    -0.1051064E-04 ( -18.01%)
   displ. norm   :     0.0104369 α      lambda       -0.1121656E-04
   maximum displ.:     0.0056184 α      in ANC's #2, #5, #1, ...

........................................................................
.............................. CYCLE    7 ..............................
........................................................................

 iter      E             dE          RMSdq      gap      omega  full diag
   1    -25.6262931 -0.256263E+02  0.168E-02    2.09       0.0  T
   2    -25.6262939 -0.874277E-06  0.101E-02    2.09       2.7  T
   3    -25.6262940 -0.806209E-07  0.515E-03    2.09       5.4  T
   4    -25.6262940  0.241180E-08  0.152E-03    2.09      18.2  T
   5    -25.6262940 -0.246406E-07  0.389E-04    2.09      71.3  T
   6    -25.6262940 -0.365148E-09  0.203E-04    2.09     136.3  T
     SCC iter.                  ...        0 min,  0.001 sec
     gradient                   ...        0 min,  0.001 sec
 * total energy  :   -25.3244555 Eh     change       -0.5968548E-05 Eh
   gradient norm :     0.0012290 Eh/α   predicted    -0.5607129E-05 (  -6.06%)
   displ. norm   :     0.0073520 α      lambda       -0.1804398E-05
   maximum displ.:     0.0062512 α      in ANC's #1, #6, #2, ...

........................................................................
.............................. CYCLE    8 ..............................
........................................................................

 iter      E             dE          RMSdq      gap      omega  full diag
   1    -25.6264895 -0.256265E+02  0.750E-03    2.09       0.0  T
   2    -25.6264896 -0.121424E-06  0.421E-03    2.09       6.6  T
   3    -25.6264896 -0.295943E-07  0.245E-03    2.09      11.3  T
   4    -25.6264896 -0.192315E-07  0.616E-04    2.09      45.0  T
   5    -25.6264896 -0.295737E-08  0.169E-04    2.09     163.9  T
     SCC iter.                  ...        0 min,  0.002 sec
     gradient                   ...        0 min,  0.001 sec
 * total energy  :   -25.3244567 Eh     change       -0.1190626E-05 Eh
   gradient norm :     0.0005531 Eh/α   predicted    -0.9026595E-06 ( -24.19%)
   displ. norm   :     0.0038346 α      lambda       -0.4485818E-06
   maximum displ.:     0.0030942 α      in ANC's #2, #10, #4, ...

   *** GEOMETRY OPTIMIZATION CONVERGED AFTER 8 ITERATIONS ***

------------------------------------------------------------------------
 total energy gain   :        -0.0067133 Eh       -4.2127 kcal/mol
 total RMSD          :         0.0616240 a0        0.0326 Å
 total power (kW/mol):        -2.2032241 (step) -509.9009 (real)
------------------------------------------------------------------------

 ANCopt (total)                0 d,  0 h,  0 min,  0.035 sec
 optimizer setup                ...        0 min,  0.000 sec (  0.089%)
 model hessian                  ...        0 min,  0.001 sec (  2.085%)
 ANC generation                 ...        0 min,  0.000 sec (  0.546%)
 coordinate transformation      ...        0 min,  0.000 sec (  0.051%)
 single point calculation       ...        0 min,  0.032 sec ( 92.794%)
 optimization log               ...        0 min,  0.001 sec (  2.195%)
 hessian update                 ...        0 min,  0.000 sec (  0.478%)
 rational function              ...        0 min,  0.000 sec (  1.235%)

================
 final structure:
================
 xtb: 6.6.1 (8d0f1dd)
          05262421413D

 13 14  0     0  0            999 V2000
   -2.4129   -1.0663    0.0155 N   0  0  0  0  0  4  0  0  0  0  0  0
   -2.4687   -1.5488    0.9224 H   0  0  0  0  0  0  0  0  0  0  0  0
   -2.2657   -1.7716   -0.7166 H   0  0  0  0  0  0  0  0  0  0  0  0
   -3.2819   -0.5517   -0.1569 H   0  0  0  0  0  0  0  0  0  0  0  0
   -1.2956   -0.0915   -0.0011 C   0  0  0  0  0  0  0  0  0  0  0  0
   -1.4036    1.3084   -0.0008 C   0  0  0  0  0  3  0  0  0  0  0  0
   -0.1241    1.8561   -0.0039 C   0  0  0  0  0  3  0  0  0  0  0  0
    0.7936    0.8436   -0.0018 C   0  0  0  0  0  0  0  0  0  0  0  0
    0.0647   -0.4078    0.0042 C   0  0  0  0  0  0  0  0  0  0  0  0
    0.9868   -1.3759    0.0018 N   0  0  0  0  0  0  0  0  0  0  0  0
    2.1445   -0.8786   -0.0026 N   0  0  0  0  0  0  0  0  0  0  0  0
    2.0918    0.5194   -0.0062 O   0  0  0  0  0  0  0  0  0  0  0  0
   -2.3273    1.8593   -0.0033 H   0  0  0  0  0  0  0  0  0  0  0  0
  1  2  1  0  0  0  0
  3  1  1  0  0  0  0
  4  1  1  0  0  0  0
  5  9  2  0  0  0  0
  5  6  1  0  0  0  0
  5  1  1  0  0  0  0
  6 13  1  0  0  0  0
  6  7  1  0  0  0  0
  8  7  2  0  0  0  0
  8 12  1  0  0  0  0
  9  8  1  0  0  0  0
 10  9  1  0  0  0  0
 10 11  2  0  0  0  0
 11 12  1  0  0  0  0
M  CHG  1   1   1
M  CHG  1   6  -1
M  END
$$$$

 Bond Distances (Angstroems)
 ---------------------------
N1-H2=1.0288         N1-H3=1.0272         N1-H4=1.0246         N1-C5=1.4828         H2-N1=1.0288         H3-N1=1.0272         
H4-N1=1.0246         C5-N1=1.4828         C5-C6=1.4041         C5-C9=1.3966         C6-C5=1.4041         C6-C7=1.3918         
C6-H13=1.0755        C7-C6=1.3918         C7-C8=1.3665         C8-C7=1.3665         C8-C9=1.4482         C8-O12=1.3380        
C9-C5=1.3966         C9-C8=1.4482         C9-N10=1.3370        N10-C9=1.3370        N10-N11=1.2600       N11-N10=1.2600       
N11-O12=1.3990       O12-C8=1.3380        O12-N11=1.3990       H13-C6=1.0755        
 C  H  Rav=1.0755 sigma=0.0000  Rmin=1.0755  Rmax=1.0755     1
 C  C  Rav=1.4014 sigma=0.0266  Rmin=1.3665  Rmax=1.4482     5
 N  H  Rav=1.0269 sigma=0.0018  Rmin=1.0246  Rmax=1.0288     3
 N  C  Rav=1.4099 sigma=0.0729  Rmin=1.3370  Rmax=1.4828     2
 N  N  Rav=1.2600 sigma=0.0000  Rmin=1.2600  Rmax=1.2600     1
 O  C  Rav=1.3380 sigma=0.0000  Rmin=1.3380  Rmax=1.3380     1
 O  N  Rav=1.3990 sigma=0.0000  Rmin=1.3990  Rmax=1.3990     1

 selected bond angles (degree)
 --------------------
H3-N1-H2=108.30                H4-N1-H2=109.75                H4-N1-H3=110.27                C5-N1-H2=111.04                
C5-N1-H3=109.60                C5-N1-H4=107.88                C6-C5-N1=126.69                C9-C5-N1=125.80                
C9-C5-C6=107.50                C7-C6-C5=108.76                H13-C6-C5=125.22               H13-C6-C7=126.02               
C8-C7-C6=109.01                C9-C8-C7=107.59                O12-C8-C7=146.21               O12-C8-C9=106.20               
C8-C9-C5=107.13                N10-C9-C5=146.69               N10-C9-C8=106.18               N11-N10-C9=110.36              

 selected dihedral angles (degree)
 ---------------------------------
C6-C5-N1-H2=250.59            C6-C5-N1-H3=130.98            C6-C5-N1-H4= 10.89            C9-C5-N1-H2= 69.37            
C9-C5-N1-H3=309.76            C9-C5-N1-H4=189.67            C7-C6-C5-N1=179.33            C7-C6-C5-C9=  0.37            
H13-C6-C5-N1=359.02           H13-C6-C5-C9=180.06           C8-C7-C6-C5=359.80            C8-C7-C6-H13=180.12           
C9-C8-C7-C6=359.95            O12-C8-C7-C6=179.69           C8-C9-C5-N1=180.63            C8-C9-C5-C6=359.61            
N10-C9-C5-N1=  1.46           N10-C9-C5-C6=180.43           C5-C9-C8-C7=  0.28            C5-C9-C8-O12=180.43           
N10-C9-C8-C7=179.81           N10-C9-C8-O12=359.96          N11-N10-C9-C5=179.28          N11-N10-C9-C8=  0.10          
           -------------------------------------------------
          |                Final Singlepoint                |
           -------------------------------------------------

          ...................................................
          :                      SETUP                      :
          :.................................................:
          :  # basis functions                  40          :
          :  # atomic orbitals                  40          :
          :  # shells                           22          :
          :  # electrons                        45          :
          :  max. iterations                   250          :
          :  Hamiltonian                  GFN2-xTB          :
          :  restarted?                      false          :
          :  GBSA solvation                  false          :
          :  PC potential                    false          :
          :  electronic temp.          300.0000000     K    :
          :  accuracy                    1.0000000          :
          :  -> integral cutoff          0.2500000E+02      :
          :  -> integral neglect         0.1000000E-07      :
          :  -> SCF convergence          0.1000000E-05 Eh   :
          :  -> wf. convergence          0.1000000E-03 e    :
          :  Broyden damping             0.4000000          :
          ...................................................

 iter      E             dE          RMSdq      gap      omega  full diag
   1    -25.6264896 -0.256265E+02  0.706E-05    2.09       0.0  T
   2    -25.6264896 -0.518341E-11  0.402E-05    2.09     690.0  T
   3    -25.6264896  0.667910E-12  0.242E-05    2.09    1147.3  T

   *** convergence criteria satisfied after 3 iterations ***

         #    Occupation            Energy/Eh            Energy/eV
      -------------------------------------------------------------
         1        2.0000           -0.7384102             -20.0932
       ...           ...                  ...                  ...
        17        2.0000           -0.4409664             -11.9993
        18        2.0000           -0.4388941             -11.9429
        19        2.0000           -0.3894920             -10.5986
        20        2.0000           -0.3667064              -9.9786
        21        2.0000           -0.3459091              -9.4127
        22        2.0000           -0.3309428              -9.0054
        23        1.0000           -0.3000590              -8.1650 (HOMO)
        24                         -0.2234007              -6.0790 (LUMO)
        25                         -0.1232298              -3.3533
        26                         -0.1051005              -2.8599
        27                         -0.0984143              -2.6780
        28                         -0.0121060              -0.3294
       ...                                ...                  ...
        40                          0.7142384              19.4354
      -------------------------------------------------------------
                  HL-Gap            0.0766583 Eh            2.0860 eV
             Fermi-level           -0.2886154 Eh           -7.8536 eV

 SCC (total)                   0 d,  0 h,  0 min,  0.012 sec
 SCC setup                      ...        0 min,  0.002 sec ( 18.013%)
 Dispersion                     ...        0 min,  0.000 sec (  1.304%)
 classical contributions        ...        0 min,  0.000 sec (  0.618%)
 integral evaluation            ...        0 min,  0.000 sec (  4.265%)
 iterations                     ...        0 min,  0.002 sec ( 20.708%)
 molecular gradient             ...        0 min,  0.006 sec ( 54.244%)
 printout                       ...        0 min,  0.000 sec (  0.744%)

         :::::::::::::::::::::::::::::::::::::::::::::::::::::
         ::                     SUMMARY                     ::
         :::::::::::::::::::::::::::::::::::::::::::::::::::::
         :: total energy             -25.324456688174 Eh    ::
         :: gradient norm              0.000553945823 Eh/a0 ::
         :: HOMO-LUMO gap              2.085979584832 eV    ::
         ::.................................................::
         :: SCC energy               -25.626489630153 Eh    ::
         :: -> isotropic ES            0.057232807098 Eh    ::
         :: -> anisotropic ES          0.004795399806 Eh    ::
         :: -> anisotropic XC          0.016161973050 Eh    ::
         :: -> dispersion             -0.010753219209 Eh    ::
         :: repulsion energy           0.302013701847 Eh    ::
         :: add. restraining           0.000000000000 Eh    ::
         :: total charge              -0.000000000000 e     ::
         :::::::::::::::::::::::::::::::::::::::::::::::::::::

           -------------------------------------------------
          |                Property Printout                |
           -------------------------------------------------

    * Orbital Energies and Occupations

         #    Occupation            Energy/Eh            Energy/eV
      -------------------------------------------------------------
         1        2.0000           -0.7384102             -20.0932
       ...           ...                  ...                  ...
        11        2.0000           -0.5403566             -14.7039
        12        2.0000           -0.5358715             -14.5818
        13        2.0000           -0.5286706             -14.3859
        14        2.0000           -0.4682059             -12.7405
        15        2.0000           -0.4540632             -12.3557
        16        2.0000           -0.4519719             -12.2988
        17        2.0000           -0.4409664             -11.9993
        18        2.0000           -0.4388941             -11.9429
        19        2.0000           -0.3894920             -10.5986
        20        2.0000           -0.3667064              -9.9786
        21        2.0000           -0.3459091              -9.4127
        22        2.0000           -0.3309428              -9.0054
        23        1.0000           -0.3000590              -8.1650 (HOMO)
        24                         -0.2234007              -6.0790 (LUMO)
        25                         -0.1232298              -3.3533
        26                         -0.1051005              -2.8599
        27                         -0.0984143              -2.6780
        28                         -0.0121060              -0.3294
        29                          0.0152414               0.4147
        30                          0.0661334               1.7996
        31                          0.0770729               2.0973
        32                          0.1243550               3.3839
        33                          0.1323394               3.6011
        34                          0.2639121               7.1814
       ...                                ...                  ...
        40                          0.7142384              19.4354
      -------------------------------------------------------------
                  HL-Gap            0.0766583 Eh            2.0860 eV
             Fermi-level           -0.2886154 Eh           -7.8536 eV

     #   Z          covCN         q      C6AA      α(0)
     1   7 N        3.483    -0.113    23.462     7.194
     2   1 H        0.859     0.237     0.937     1.517
     3   1 H        0.859     0.242     0.913     1.497
     4   1 H        0.859     0.243     0.913     1.496
     5   6 C        3.000    -0.077    29.916     8.972
     6   6 C        3.064    -0.076    29.816     8.954
     7   6 C        2.107    -0.150    35.072     9.569
     8   6 C        3.112     0.112    25.393     8.255
     9   6 C        3.179     0.006    27.475     8.558
    10   7 N        1.955    -0.183    25.764     7.527
    11   7 N        2.121    -0.057    22.895     7.099
    12   8 O        1.785    -0.185    17.087     5.582
    13   1 H        0.926     0.002     3.018     2.717

 Mol. C6AA /au·bohr⁶  :       2550.187253
 Mol. C8AA /au·bohr⁸  :      62098.503274
 Mol. α(0) /au        :         78.936652


Wiberg/Mayer (AO) data.
largest (>0.10) Wiberg bond orders for each atom

 ---------------------------------------------------------------------------
     #   Z sym  total        # sym  WBO       # sym  WBO       # sym  WBO
 ---------------------------------------------------------------------------
     1   7 N    3.671 --     4 H    0.925     3 H    0.923     2 H    0.923
                             5 C    0.857
     2   1 H    0.944 --     1 N    0.923
     3   1 H    0.941 --     1 N    0.923
     4   1 H    0.941 --     1 N    0.925
     5   6 C    3.728 --     6 C    1.346     9 C    1.262     1 N    0.857
                             7 C    0.115
     6   6 C    3.966 --     7 C    1.422     5 C    1.346    13 H    0.971
     7   6 C    3.219 --     8 C    1.451     6 C    1.422     5 C    0.115
     8   6 C    3.910 --     7 C    1.451    12 O    1.116     9 C    1.092
                            11 N    0.117
     9   6 C    3.949 --    10 N    1.301     5 C    1.262     8 C    1.092
                            11 N    0.109
    10   7 N    3.134 --    11 N    1.569     9 C    1.301    12 O    0.139
    11   7 N    2.960 --    10 N    1.569    12 O    1.035     8 C    0.117
                             9 C    0.109
    12   8 O    2.406 --     8 C    1.116    11 N    1.035    10 N    0.139
    13   1 H    1.000 --     6 C    0.971
 ---------------------------------------------------------------------------

Topologies differ in bond orders
Writing corrected topology to xtbtopo.sdf

molecular dipole:
                 x           y           z       tot (Debye)
 q only:       -3.854      -1.655       0.012
   full:       -4.465      -1.595       0.018      12.051
molecular quadrupole (traceless):
                xx          xy          yy          xz          yz          zz
 q only:       10.309      12.912      -5.305      -0.075      -0.029      -5.004
  q+dip:       11.733      15.365      -7.488      -0.103      -0.047      -4.245
   full:       10.918      16.046      -7.634      -0.104      -0.048      -3.284

           -------------------------------------------------
          |                Geometry Summary                 |
           -------------------------------------------------

      molecular mass/u    :      122.1049570
   center of mass at/Å    :        0.0778495       0.0156547       0.0009141
  moments of inertia/u·Å² :        0.1408691E+03   0.3095572E+03   0.4476264E+03
rotational constants/cm⁻¹ :        0.1196688E+00   0.5445724E-01   0.3766005E-01

 * 12 selected distances

     #   Z          #   Z                                           value/Å
     1   7 N        2   1 H                                       1.0288342
     1   7 N        3   1 H                                       1.0271791
     1   7 N        4   1 H                                       1.0245520 (min)
     5   6 C        6   6 C                                       1.4040977
     6   6 C        7   6 C                                       1.3918017
     7   6 C        8   6 C                                       1.3664900
     5   6 C        9   6 C                                       1.3966142
     8   6 C        9   6 C                                       1.4482085 (max)
     9   6 C       10   7 N                                       1.3370005
    10   7 N       11   7 N                                       1.2599814
     8   6 C       12   8 O                                       1.3380273
     6   6 C       13   1 H                                       1.0755366

 * 6 distinct bonds (by element types)

   Z      Z             #   av. dist./Å        max./Å        min./Å
   1 H    6 C           1     1.0755366     1.0755366     1.0755366
   6 C    6 C           5     1.4014424     1.4482085     1.3664900
   1 H    7 N           3     1.0268551     1.0288342     1.0245520
   6 C    7 N           1     1.3370005     1.3370005     1.3370005
   7 N    7 N           1     1.2599814     1.2599814     1.2599814
   6 C    8 O           1     1.3380273     1.3380273     1.3380273


optimized geometry written to: xtbopt.sdf


           -------------------------------------------------
          | TOTAL ENERGY              -25.324456688174 Eh   |
          | GRADIENT NORM               0.000553945823 Eh/α |
          | HOMO-LUMO GAP               2.085979584832 eV   |
           -------------------------------------------------

------------------------------------------------------------------------
 * finished run on 2024/05/26 at 21:41:13.950     
------------------------------------------------------------------------
 total:
 * wall-time:     0 d,  0 h,  0 min,  0.082 sec
 *  cpu-time:     0 d,  0 h,  0 min,  2.027 sec
 * ratio c/w:    24.574 speedup
 SCF:
 * wall-time:     0 d,  0 h,  0 min,  0.013 sec
 *  cpu-time:     0 d,  0 h,  0 min,  0.326 sec
 * ratio c/w:    25.530 speedup
 ANC optimizer:
 * wall-time:     0 d,  0 h,  0 min,  0.047 sec
 *  cpu-time:     0 d,  0 h,  0 min,  1.313 sec
 * ratio c/w:    27.694 speedup

