      -----------------------------------------------------------      
     |                   =====================                   |     
     |                           x T B                           |     
     |                   =====================                   |     
     |                         S. Grimme                         |     
     |          Mulliken Center for Theoretical Chemistry        |     
     |                    University of Bonn                     |     
      -----------------------------------------------------------      

   * xtb version 6.6.1 (8d0f1dd) compiled by 'conda@1efc2f54142f' on 2023-08-01

   xtb is free software: you can redistribute it and/or modify it under
   the terms of the GNU Lesser General Public License as published by
   the Free Software Foundation, either version 3 of the License, or
   (at your option) any later version.
   
   xtb is distributed in the hope that it will be useful,
   but WITHOUT ANY WARRANTY; without even the implied warranty of
   MERCHANTABILITY or FITNESS FOR A PARTICULAR PURPOSE.  See the
   GNU Lesser General Public License for more details.
   
   Cite this work as:
   * C. Bannwarth, E. Caldeweyher, S. Ehlert, A. Hansen, P. Pracht,
     J. Seibert, S. Spicher, S. Grimme, WIREs Comput. Mol. Sci., 2020, 11,
     e01493. DOI: 10.1002/wcms.1493
   
   for GFN2-xTB:
   * C. Bannwarth, S. Ehlert and S. Grimme., J. Chem. Theory Comput., 2019,
     15, 1652-1671. DOI: 10.1021/acs.jctc.8b01176
   for GFN1-xTB:
   * S. Grimme, C. Bannwarth, P. Shushkov, J. Chem. Theory Comput., 2017,
     13, 1989-2009. DOI: 10.1021/acs.jctc.7b00118
   for GFN0-xTB:
   * P. Pracht, E. Caldeweyher, S. Ehlert, S. Grimme, ChemRxiv, 2019, preprint.
     DOI: 10.26434/chemrxiv.8326202.v1
   for GFN-FF:
   * S. Spicher and S. Grimme, Angew. Chem. Int. Ed., 2020, 59, 15665-15673.
     DOI: 10.1002/anie.202004239
   
   for ALPB and GBSA implicit solvation:
   * S. Ehlert, M. Stahn, S. Spicher, S. Grimme, J. Chem. Theory Comput.,
     2021, 17, 4250-4261. DOI: 10.1021/acs.jctc.1c00471
   
   for DFT-D4:
   * E. Caldeweyher, C. Bannwarth and S. Grimme, J. Chem. Phys., 2017,
     147, 034112. DOI: 10.1063/1.4993215
   * E. Caldeweyher, S. Ehlert, A. Hansen, H. Neugebauer, S. Spicher,
     C. Bannwarth and S. Grimme, J. Chem. Phys., 2019, 150, 154122.
     DOI: 10.1063/1.5090222
   * E. Caldeweyher, J.-M. Mewes, S. Ehlert and S. Grimme, Phys. Chem. Chem. Phys.
     2020, 22, 8499-8512. DOI: 10.1039/D0CP00502A
   
   for sTDA-xTB:
   * S. Grimme and C. Bannwarth, J. Chem. Phys., 2016, 145, 054103.
     DOI: 10.1063/1.4959605
   
   in the mass-spec context:
   * V. Asgeirsson, C. Bauer and S. Grimme, Chem. Sci., 2017, 8, 4879.
     DOI: 10.1039/c7sc00601b
   * J. Koopman and S. Grimme, ACS Omega 2019, 4, 12, 15120-15133.
     DOI: 10.1021/acsomega.9b02011
   
   for metadynamics refer to:
   * S. Grimme, J. Chem. Theory Comput., 2019, 155, 2847-2862
     DOI: 10.1021/acs.jctc.9b00143
   
   for SPH calculations refer to:
   * S. Spicher and S. Grimme, J. Chem. Theory Comput., 2021, 17, 1701-1714
     DOI: 10.1021/acs.jctc.0c01306
   
   with help from (in alphabetical order)
   P. Atkinson, C. Bannwarth, F. Bohle, G. Brandenburg, E. Caldeweyher
   M. Checinski, S. Dohm, S. Ehlert, S. Ehrlich, I. Gerasimov, C. Hölzer
   A. Katbashev, J. Koopman, C. Lavigne, S. Lehtola, F. März, M. Müller,
   F. Musil, H. Neugebauer, J. Pisarek, C. Plett, P. Pracht, F. Pultar,
   J. Seibert, P. Shushkov, S. Spicher, M. Stahn, M. Steiner, T. Strunk,
   J. Stückrath, T. Rose, and J. Unsleber
   
 * started run on 2024/05/26 at 18:02:34.299     

           -------------------------------------------------
          |                Calculation Setup                |
           -------------------------------------------------

          program call               : xtb tests/test_files/xyz/dsgdb9nsd_130336-5.xyz --uhf 1 --vip
          coordinate file            : tests/test_files/xyz/dsgdb9nsd_130336-5.xyz
          omp threads                :                    28

   ID    Z sym.   atoms
    1    7 N      1, 10, 11
    2    1 H      2-4, 13
    3    6 C      5-9
    4    8 O      12

           -------------------------------------------------
          |                 G F N 1 - x T B                 |
           -------------------------------------------------

        Reference                      10.1021/acs.jctc.7b00118
      * Hamiltonian:
        H0-scaling (s, p, d)           1.850000    2.250000    2.000000
        zeta-weighting                 0.000000
      * Dispersion:
        s8                             2.400000
        a1                             0.630000
        a2                             5.000000
        s9                             0.000000
      * Repulsion:
        kExp                           1.500000
        rExp                           1.000000
      * Coulomb:
        alpha                          2.000000
        third order                    atomic
        anisotropic                    false
      * Halogen bond correction:
        rad-scale                      1.300000
        damping                        0.440000


          ...................................................
          :                      SETUP                      :
          :.................................................:
          :  # basis functions                  44          :
          :  # atomic orbitals                  44          :
          :  # shells                           26          :
          :  # electrons                        45          :
          :  # halogen bonds                     0          :
          :  max. iterations                   250          :
          :  Hamiltonian                  GFN1-xTB          :
          :  restarted?                      false          :
          :  GBSA solvation                  false          :
          :  PC potential                    false          :
          :  electronic temp.          300.0000000     K    :
          :  accuracy                    1.0000000          :
          :  -> integral cutoff          0.2500000E+02      :
          :  -> integral neglect         0.1000000E-07      :
          :  -> SCF convergence          0.1000000E-05 Eh   :
          :  -> wf. convergence          0.2000000E-04 e    :
          :  Broyden damping             0.4000000          :
          ...................................................

 iter      E             dE          RMSdq      gap      omega  full diag
   1    -26.8735433 -0.268735E+02  0.932E+00    3.10       0.0  T
   2    -26.9928483 -0.119305E+00  0.588E+00    1.27       1.0  T
   3    -26.9172280  0.756203E-01  0.329E+00    3.30       1.0  T
   4    -27.0293198 -0.112092E+00  0.928E-01    1.94       1.0  T
   5    -27.0366082 -0.728836E-02  0.263E-01    2.24       1.0  T
   6    -27.0375944 -0.986257E-03  0.722E-02    2.40       1.0  T
   7    -27.0376243 -0.299005E-04  0.322E-02    2.40       1.0  T
   8    -27.0376277 -0.335607E-05  0.582E-03    2.41       4.8  T
   9    -27.0376278 -0.132899E-06  0.237E-03    2.41      11.7  T
  10    -27.0376278 -0.211173E-07  0.968E-04    2.41      28.7  T
  11    -27.0376279 -0.413404E-08  0.438E-04    2.41      63.3  T
  12    -27.0376279 -0.183991E-08  0.674E-05    2.41     411.7  T
  13    -27.0376279 -0.561684E-10  0.230E-05    2.41    1203.3  T

   *** convergence criteria satisfied after 13 iterations ***

         #    Occupation            Energy/Eh            Energy/eV
      -------------------------------------------------------------
         1        2.0000           -0.8953286             -24.3631
       ...           ...                  ...                  ...
        17        2.0000           -0.4745492             -12.9131
        18        2.0000           -0.4567030             -12.4275
        19        2.0000           -0.4394029             -11.9568
        20        2.0000           -0.4237109             -11.5298
        21        2.0000           -0.3717596             -10.1161
        22        1.9998           -0.3615715              -9.8389
        23        1.0002           -0.3448964              -9.3851 (HOMO)
        24                         -0.2563892              -6.9767 (LUMO)
        25                         -0.2456353              -6.6841
        26                         -0.1706807              -4.6445
        27                         -0.1662695              -4.5244
        28                         -0.1606344              -4.3711
       ...                                ...                  ...
        44                          0.6788984              18.4738
      -------------------------------------------------------------
                  HL-Gap            0.0885072 Eh            2.4084 eV
             Fermi-level           -0.3269384 Eh           -8.8964 eV

 SCC (total)                   0 d,  0 h,  0 min,  0.014 sec
 SCC setup                      ...        0 min,  0.002 sec ( 11.471%)
 Dispersion                     ...        0 min,  0.002 sec ( 14.310%)
 classical contributions        ...        0 min,  0.000 sec (  1.024%)
 integral evaluation            ...        0 min,  0.001 sec (  6.352%)
 iterations                     ...        0 min,  0.006 sec ( 40.441%)
 molecular gradient             ...        0 min,  0.003 sec ( 23.796%)
 printout                       ...        0 min,  0.000 sec (  2.438%)

         :::::::::::::::::::::::::::::::::::::::::::::::::::::
         ::                     SUMMARY                     ::
         :::::::::::::::::::::::::::::::::::::::::::::::::::::
         :: total energy             -26.768157593822 Eh    ::
         :: gradient norm              0.072422995199 Eh/a0 ::
         :: HOMO-LUMO gap              2.408404670729 eV    ::
         ::.................................................::
         :: SCC energy               -27.037627853746 Eh    ::
         :: -> electrostatic           0.067850056490 Eh    ::
         :: repulsion energy           0.275312362315 Eh    ::
         :: dispersion energy         -0.005842102390 Eh    ::
         :: halogen bond corr.         0.000000000000 Eh    ::
         :: add. restraining           0.000000000000 Eh    ::
         :: total charge              -0.000000000000 e     ::
         :::::::::::::::::::::::::::::::::::::::::::::::::::::

           ------------------------------------------------- 
          |        vertical delta SCC IP calculation        |
           ------------------------------------------------- 

 iter      E             dE          RMSdq      gap      omega  full diag
   1    -26.4943377 -0.264943E+02  0.182E+00    0.45       0.0  T
   2    -26.3170952  0.177242E+00  0.443E+00    0.31       1.0  T
   3    -26.5544397 -0.237345E+00  0.108E+00    0.14       1.0  T
   4    -26.5550323 -0.592603E-03  0.829E-01    0.15       1.0  T
   5    -26.5456707  0.936165E-02  0.102E+00    0.03       1.0  T
   6    -26.5472077 -0.153696E-02  0.980E-01    0.03       1.0  T
   7    -26.5654486 -0.182410E-01  0.128E-01    0.09       1.0  T
   8    -26.5656066 -0.157924E-03  0.453E-02    0.08       1.0  T
   9    -26.5656245 -0.179456E-04  0.255E-02    0.08       1.1  T
  10    -26.5655460  0.784941E-04  0.660E-02    0.08       1.0  T
  11    -26.5655845 -0.384313E-04  0.482E-02    0.08       1.0  T
  12    -26.5656290 -0.445000E-04  0.250E-03    0.09      11.1  T
  13    -26.5656287  0.273018E-06  0.464E-03    0.09       6.0  T
  14    -26.5656289 -0.214680E-06  0.327E-03    0.09       8.5  T
  15    -26.5656291 -0.200785E-06  0.622E-04    0.09      44.6  T
  16    -26.5656291 -0.703153E-08  0.755E-05    0.09     367.5  T
  17    -26.5656291 -0.740776E-10  0.311E-05    0.09     892.8  T
     SCC iter.                  ...        0 min,  0.003 sec
     gradient                   ...        0 min,  0.001 sec
------------------------------------------------------------------------
empirical IP shift (eV):    4.8455
delta SCC IP (eV):    7.9982
------------------------------------------------------------------------
           -------------------------------------------------
          |                Property Printout                |
           -------------------------------------------------

    * Orbital Energies and Occupations

         #    Occupation            Energy/Eh            Energy/eV
      -------------------------------------------------------------
         1        2.0000           -1.0722486             -29.1774
       ...           ...                  ...                  ...
        10        2.0000           -0.8242983             -22.4303
        11        2.0000           -0.7996106             -21.7585
        12        2.0000           -0.7854708             -21.3737
        13        2.0000           -0.7826892             -21.2981
        14        2.0000           -0.7364718             -20.0404
        15        2.0000           -0.7151376             -19.4599
        16        2.0000           -0.7046100             -19.1734
        17        2.0000           -0.7020378             -19.1034
        18        2.0000           -0.6789730             -18.4758
        19        2.0000           -0.6570228             -17.8785
        20        2.0000           -0.6423849             -17.4802
        21        1.9944           -0.6013442             -16.3634
        22        1.6819           -0.5973508             -16.2547 (HOMO)
        23        0.3237           -0.5942063             -16.1692 (LUMO)
        24                         -0.4747248             -12.9179
        25                         -0.4084274             -11.1139
        26                         -0.4003374             -10.8937
        27                         -0.3665789              -9.9751
        28                         -0.3297677              -8.9734
        29                         -0.3251843              -8.8487
        30                         -0.2892496              -7.8709
        31                         -0.2695245              -7.3341
        32                         -0.2131257              -5.7994
        33                         -0.1016013              -2.7647
       ...                                ...                  ...
        44                          0.4546973              12.3729
      -------------------------------------------------------------
                  HL-Gap            0.0031446 Eh            0.0856 eV
             Fermi-level           -0.5957686 Eh          -16.2117 eV

  Mulliken/CM5 charges         n(s)   n(p)   n(d)
     1N    -0.20633 -0.79959   1.452  3.754  0.000
     2H     0.29256  0.47210   0.707  0.000  0.000
     3H     0.29383  0.47545   0.706  0.000  0.000
     4H     0.28867  0.47253   0.711  0.000  0.000
     5C     0.03916  0.08222   1.039  2.922  0.000
     6C    -0.05004 -0.09585   1.063  2.987  0.000
     7C     0.10425  0.10335   1.177  2.719  0.000
     8C     0.28835  0.33114   1.026  2.686  0.000
     9C     0.08436  0.17106   1.037  2.878  0.000
    10N    -0.11418 -0.20222   1.537  3.577  0.000
    11N     0.14923  0.10512   1.612  3.238  0.000
    12O    -0.25785 -0.25968   1.721  4.536  0.000
    13H     0.08799  0.14435   0.912  0.000  0.000

Wiberg/Mayer (AO) data.
largest (>0.10) Wiberg bond orders for each atom

 ---------------------------------------------------------------------------
     #   Z sym  total        # sym  WBO       # sym  WBO       # sym  WBO
 ---------------------------------------------------------------------------
     1   7 N    3.601 --     4 H    0.901     3 H    0.892     2 H    0.891
                             5 C    0.884
     2   1 H    0.916 --     1 N    0.891
     3   1 H    0.917 --     1 N    0.892
     4   1 H    0.921 --     1 N    0.901
     5   6 C    3.657 --     6 C    1.304     9 C    1.282     1 N    0.884
     6   6 C    3.894 --     7 C    1.457     5 C    1.304    13 H    0.963
     7   6 C    3.206 --     6 C    1.457     8 C    1.354     9 C    0.109
     8   6 C    3.761 --     7 C    1.354    12 O    1.158     9 C    1.096
     9   6 C    3.874 --     5 C    1.282    10 N    1.217     8 C    1.096
                             7 C    0.109
    10   7 N    3.124 --    11 N    1.681     9 C    1.217
    11   7 N    2.910 --    10 N    1.681    12 O    0.956
    12   8 O    2.296 --     8 C    1.158    11 N    0.956
    13   1 H    0.988 --     6 C    0.963
 ---------------------------------------------------------------------------

Topologies differ in total number of bonds
Writing topology from bond orders to xtbtopo.mol

 dipole moment from electron density (au)
     X       Y       Z   
  -4.7148  -0.7494   0.0011  total (Debye):   12.134


           -------------------------------------------------
          | TOTAL ENERGY              -26.296158842419 Eh   |
          | GRADIENT NORM               0.124567278765 Eh/α |
          | HOMO-LUMO GAP               0.085568362501 eV   |
           -------------------------------------------------
########################################################################
[WARNING] Runtime exception occurred
-2- restart_readRestart: Dimension missmatch in restart file.
-1- restart_readRestart: Version number missmatch in restart file.
########################################################################

------------------------------------------------------------------------
 * finished run on 2024/05/26 at 18:02:34.347     
------------------------------------------------------------------------
 total:
 * wall-time:     0 d,  0 h,  0 min,  0.048 sec
 *  cpu-time:     0 d,  0 h,  0 min,  1.023 sec
 * ratio c/w:    21.214 speedup
 SCF:
 * wall-time:     0 d,  0 h,  0 min,  0.022 sec
 *  cpu-time:     0 d,  0 h,  0 min,  0.611 sec
 * ratio c/w:    28.038 speedup

