      -----------------------------------------------------------      
     |                   =====================                   |     
     |                           x T B                           |     
     |                   =====================                   |     
     |                         S. Grimme                         |     
     |          Mulliken Center for Theoretical Chemistry        |     
     |                    University of Bonn                     |     
      -----------------------------------------------------------      

   * xtb version 6.6.1 (8d0f1dd) compiled by 'conda@1efc2f54142f' on 2023-08-01

   xtb is free software: you can redistribute it and/or modify it under
   the terms of the GNU Lesser General Public License as published by
   the Free Software Foundation, either version 3 of the License, or
   (at your option) any later version.
   
   xtb is distributed in the hope that it will be useful,
   but WITHOUT ANY WARRANTY; without even the implied warranty of
   MERCHANTABILITY or FITNESS FOR A PARTICULAR PURPOSE.  See the
   GNU Lesser General Public License for more details.
   
   Cite this work as:
   * C. Bannwarth, E. Caldeweyher, S. Ehlert, A. Hansen, P. Pracht,
     J. Seibert, S. Spicher, S. Grimme, WIREs Comput. Mol. Sci., 2020, 11,
     e01493. DOI: 10.1002/wcms.1493
   
   for GFN2-xTB:
   * C. Bannwarth, S. Ehlert and S. Grimme., J. Chem. Theory Comput., 2019,
     15, 1652-1671. DOI: 10.1021/acs.jctc.8b01176
   for GFN1-xTB:
   * S. Grimme, C. Bannwarth, P. Shushkov, J. Chem. Theory Comput., 2017,
     13, 1989-2009. DOI: 10.1021/acs.jctc.7b00118
   for GFN0-xTB:
   * P. Pracht, E. Caldeweyher, S. Ehlert, S. Grimme, ChemRxiv, 2019, preprint.
     DOI: 10.26434/chemrxiv.8326202.v1
   for GFN-FF:
   * S. Spicher and S. Grimme, Angew. Chem. Int. Ed., 2020, 59, 15665-15673.
     DOI: 10.1002/anie.202004239
   
   for ALPB and GBSA implicit solvation:
   * S. Ehlert, M. Stahn, S. Spicher, S. Grimme, J. Chem. Theory Comput.,
     2021, 17, 4250-4261. DOI: 10.1021/acs.jctc.1c00471
   
   for DFT-D4:
   * E. Caldeweyher, C. Bannwarth and S. Grimme, J. Chem. Phys., 2017,
     147, 034112. DOI: 10.1063/1.4993215
   * E. Caldeweyher, S. Ehlert, A. Hansen, H. Neugebauer, S. Spicher,
     C. Bannwarth and S. Grimme, J. Chem. Phys., 2019, 150, 154122.
     DOI: 10.1063/1.5090222
   * E. Caldeweyher, J.-M. Mewes, S. Ehlert and S. Grimme, Phys. Chem. Chem. Phys.
     2020, 22, 8499-8512. DOI: 10.1039/D0CP00502A
   
   for sTDA-xTB:
   * S. Grimme and C. Bannwarth, J. Chem. Phys., 2016, 145, 054103.
     DOI: 10.1063/1.4959605
   
   in the mass-spec context:
   * V. Asgeirsson, C. Bauer and S. Grimme, Chem. Sci., 2017, 8, 4879.
     DOI: 10.1039/c7sc00601b
   * J. Koopman and S. Grimme, ACS Omega 2019, 4, 12, 15120-15133.
     DOI: 10.1021/acsomega.9b02011
   
   for metadynamics refer to:
   * S. Grimme, J. Chem. Theory Comput., 2019, 155, 2847-2862
     DOI: 10.1021/acs.jctc.9b00143
   
   for SPH calculations refer to:
   * S. Spicher and S. Grimme, J. Chem. Theory Comput., 2021, 17, 1701-1714
     DOI: 10.1021/acs.jctc.0c01306
   
   with help from (in alphabetical order)
   P. Atkinson, C. Bannwarth, F. Bohle, G. Brandenburg, E. Caldeweyher
   M. Checinski, S. Dohm, S. Ehlert, S. Ehrlich, I. Gerasimov, C. Hölzer
   A. Katbashev, J. Koopman, C. Lavigne, S. Lehtola, F. März, M. Müller,
   F. Musil, H. Neugebauer, J. Pisarek, C. Plett, P. Pracht, F. Pultar,
   J. Seibert, P. Shushkov, S. Spicher, M. Stahn, M. Steiner, T. Strunk,
   J. Stückrath, T. Rose, and J. Unsleber
   
 * started run on 2024/06/26 at 22:38:04.975     

           -------------------------------------------------
          |                Calculation Setup                |
           -------------------------------------------------

          program call               : xtb tests/test_files/xyz/dsgdb9nsd_123127-1/1.xyz -u 1 --vfukui
          coordinate file            : tests/test_files/xyz/dsgdb9nsd_123127-1/1.xyz
          omp threads                :                    28

   ID    Z sym.   atoms
    1    7 N      1
    2    1 H      2, 3, 12-19
    3    6 C      4-6, 8, 9
    4    8 O      7, 10, 11

           -------------------------------------------------
          |                 G F N 2 - x T B                 |
           -------------------------------------------------

        Reference                      10.1021/acs.jctc.8b01176
      * Hamiltonian:
        H0-scaling (s, p, d)           1.850000    2.230000    2.230000
        zeta-weighting                 0.500000
      * Dispersion:
        s8                             2.700000
        a1                             0.520000
        a2                             5.000000
        s9                             5.000000
      * Repulsion:
        kExp                           1.500000    1.000000
        rExp                           1.000000
      * Coulomb:
        alpha                          2.000000
        third order                    shell-resolved
        anisotropic                    true
        a3                             3.000000
        a5                             4.000000
        cn-shift                       1.200000
        cn-exp                         4.000000
        max-rad                        5.000000

q/qsh data taken from xtbrestart
CAMM data taken from xtbrestart

          ...................................................
          :                      SETUP                      :
          :.................................................:
          :  # basis functions                  46          :
          :  # atomic orbitals                  46          :
          :  # shells                           28          :
          :  # electrons                        53          :
          :  max. iterations                   250          :
          :  Hamiltonian                  GFN2-xTB          :
          :  restarted?                       true          :
          :  GBSA solvation                  false          :
          :  PC potential                    false          :
          :  electronic temp.          300.0000000     K    :
          :  accuracy                    1.0000000          :
          :  -> integral cutoff          0.2500000E+02      :
          :  -> integral neglect         0.1000000E-07      :
          :  -> SCF convergence          0.1000000E-05 Eh   :
          :  -> wf. convergence          0.1000000E-03 e    :
          :  Broyden damping             0.4000000          :
          ...................................................

 iter      E             dE          RMSdq      gap      omega  full diag
   1    -30.8677737 -0.308678E+02  0.425E-05    2.87       0.0  T
   2    -30.8677737 -0.274980E-11  0.246E-05    2.87     931.9  T
   3    -30.8677737 -0.419220E-12  0.793E-06    2.87    2892.7  T

   *** convergence criteria satisfied after 3 iterations ***

         #    Occupation            Energy/Eh            Energy/eV
      -------------------------------------------------------------
         1        2.0000           -0.8272126             -22.5096
       ...           ...                  ...                  ...
        21        2.0000           -0.4476652             -12.1816
        22        2.0000           -0.4339676             -11.8089
        23        2.0000           -0.4119676             -11.2102
        24        2.0000           -0.3979008             -10.8274
        25        2.0000           -0.3894440             -10.5973
        26        2.0000           -0.3445293              -9.3751
        27        1.0000           -0.1702847              -4.6337 (HOMO)
        28                         -0.0648496              -1.7646 (LUMO)
        29                         -0.0025833              -0.0703
        30                          0.0259072               0.7050
        31                          0.0501702               1.3652
        32                          0.0768416               2.0910
       ...                                ...                  ...
        46                          0.7609754              20.7072
      -------------------------------------------------------------
                  HL-Gap            0.1054350 Eh            2.8690 eV
             Fermi-level           -0.1874871 Eh           -5.1018 eV

 SCC (total)                   0 d,  0 h,  0 min,  0.008 sec
 SCC setup                      ...        0 min,  0.000 sec (  1.043%)
 Dispersion                     ...        0 min,  0.001 sec ( 13.855%)
 classical contributions        ...        0 min,  0.001 sec (  8.263%)
 integral evaluation            ...        0 min,  0.001 sec ( 17.302%)
 iterations                     ...        0 min,  0.003 sec ( 44.102%)
 molecular gradient             ...        0 min,  0.001 sec ( 12.342%)
 printout                       ...        0 min,  0.000 sec (  2.865%)

         :::::::::::::::::::::::::::::::::::::::::::::::::::::
         ::                     SUMMARY                     ::
         :::::::::::::::::::::::::::::::::::::::::::::::::::::
         :: total energy             -30.556407684883 Eh    ::
         :: gradient norm              0.593214287845 Eh/a0 ::
         :: HOMO-LUMO gap              2.869033337577 eV    ::
         ::.................................................::
         :: SCC energy               -30.867773694003 Eh    ::
         :: -> isotropic ES            0.104224503960 Eh    ::
         :: -> anisotropic ES          0.012408032723 Eh    ::
         :: -> anisotropic XC         -0.006602183558 Eh    ::
         :: -> dispersion             -0.014786348187 Eh    ::
         :: repulsion energy           0.311315300277 Eh    ::
         :: add. restraining           0.000000000000 Eh    ::
         :: total charge               0.000000000000 e     ::
         :::::::::::::::::::::::::::::::::::::::::::::::::::::


Fukui index Calculation

 iter      E             dE          RMSdq      gap      omega  full diag
   1    -30.8427544 -0.308428E+02  0.216E+00    2.87       0.0  T
   2    -30.8582157 -0.154613E-01  0.143E+00    1.09       1.0  T
   3    -30.8895397 -0.313240E-01  0.120E+00    1.96       1.0  T
   4    -30.9042688 -0.147291E-01  0.614E-01    1.55       1.0  T
   5    -30.9052541 -0.985281E-03  0.245E-01    1.30       1.0  T
   6    -30.9061960 -0.941975E-03  0.103E-01    1.44       1.0  T
   7    -30.9063840 -0.188005E-03  0.162E-02    1.39       1.4  T
   8    -30.9063844 -0.401454E-06  0.676E-03    1.39       3.4  T
   9    -30.9063844  0.611406E-07  0.319E-03    1.39       7.2  T
  10    -30.9063845 -0.150056E-06  0.768E-04    1.39      29.9  T
  11    -30.9063845 -0.752024E-08  0.288E-04    1.39      79.7  T
     SCC iter.                  ...        0 min,  0.005 sec
     gradient                   ...        0 min,  0.001 sec

 iter      E             dE          RMSdq      gap      omega  full diag
   1    -30.4942701 -0.304943E+02  0.216E+00    4.74       0.0  T
   2    -30.5462291 -0.519590E-01  0.128E+00    3.39       1.0  T
   3    -30.5523110 -0.608192E-02  0.782E-01    3.27       1.0  T
   4    -30.5536193 -0.130825E-02  0.357E-01    2.98       1.0  T
   5    -30.5537475 -0.128243E-03  0.686E-02    3.05       1.0  T
   6    -30.5537587 -0.111886E-04  0.242E-02    3.03       1.0  T
   7    -30.5537603 -0.164930E-05  0.113E-02    3.05       2.0  T
   8    -30.5537607 -0.392529E-06  0.296E-03    3.04       7.7  T
   9    -30.5537608 -0.281461E-07  0.105E-03    3.04      22.0  T
  10    -30.5537608 -0.122754E-08  0.414E-04    3.04      55.4  T
  11    -30.5537608 -0.769141E-09  0.111E-04    3.04     207.2  T
     SCC iter.                  ...        0 min,  0.005 sec
     gradient                   ...        0 min,  0.001 sec

     #        f(+)     f(-)     f(0)
     1N      -0.044    0.005   -0.020
     2H      -0.028   -0.011   -0.019
     3H      -0.091   -0.066   -0.079
     4C      -0.006    0.013    0.004
     5C       0.019    0.014    0.016
     6C       0.026    0.028    0.027
     7O      -0.057   -0.066   -0.061
     8C       0.011    0.012    0.012
     9C      -0.145   -0.173   -0.159
    10O      -0.063   -0.106   -0.084
    11O      -0.195   -0.263   -0.229
    12H      -0.069   -0.055   -0.062
    13H      -0.065   -0.051   -0.058
    14H       0.005    0.022    0.014
    15H      -0.070   -0.060   -0.065
    16H      -0.058   -0.060   -0.059
    17H      -0.020   -0.022   -0.021
    18H      -0.072   -0.077   -0.074
    19H      -0.077   -0.086   -0.082
           -------------------------------------------------
          |                Property Printout                |
           -------------------------------------------------

    * Orbital Energies and Occupations

         #    Occupation            Energy/Eh            Energy/eV
      -------------------------------------------------------------
         1        2.0000           -0.8272126             -22.5096
       ...           ...                  ...                  ...
        15        2.0000           -0.5194641             -14.1353
        16        2.0000           -0.5120140             -13.9326
        17        2.0000           -0.5056212             -13.7587
        18        2.0000           -0.4824937             -13.1293
        19        2.0000           -0.4779383             -13.0054
        20        2.0000           -0.4653716             -12.6634
        21        2.0000           -0.4476652             -12.1816
        22        2.0000           -0.4339676             -11.8089
        23        2.0000           -0.4119676             -11.2102
        24        2.0000           -0.3979008             -10.8274
        25        2.0000           -0.3894440             -10.5973
        26        2.0000           -0.3445293              -9.3751
        27        1.0000           -0.1702847              -4.6337 (HOMO)
        28                         -0.0648496              -1.7646 (LUMO)
        29                         -0.0025833              -0.0703
        30                          0.0259072               0.7050
        31                          0.0501702               1.3652
        32                          0.0768416               2.0910
        33                          0.1005647               2.7365
        34                          0.1022036               2.7811
        35                          0.1200795               3.2675
        36                          0.1475030               4.0138
        37                          0.1519083               4.1336
        38                          0.1778631               4.8399
       ...                                ...                  ...
        46                          0.7609754              20.7072
      -------------------------------------------------------------
                  HL-Gap            0.1054350 Eh            2.8690 eV
             Fermi-level           -0.1874871 Eh           -5.1018 eV

     #   Z          covCN         q      C6AA      α(0)
     1   7 N        3.609     0.136    18.921     6.461
     2   1 H        1.133     0.336     0.608     1.217
     3   1 H        0.860     0.155     1.365     1.830
     4   6 C        3.738    -0.060    21.734     6.652
     5   6 C        3.802    -0.087    22.161     6.702
     6   6 C        3.706     0.078    19.418     6.299
     7   8 O        1.699    -0.325    19.435     5.952
     8   6 C        3.705     0.040    20.045     6.401
     9   6 C        2.742     0.156    24.609     8.123
    10   8 O        2.059    -0.226    17.718     5.685
    11   8 O        0.856    -0.597    26.046     6.842
    12   1 H        0.923     0.053     2.279     2.361
    13   1 H        0.924     0.057     2.237     2.339
    14   1 H        0.924     0.113     1.667     2.019
    15   1 H        0.924     0.046     2.372     2.408
    16   1 H        0.924     0.040     2.446     2.446
    17   1 H        0.924     0.025     2.659     2.550
    18   1 H        0.925     0.057     2.231     2.336
    19   1 H        0.924     0.002     3.031     2.722

 Mol. C6AA /au·bohr⁶  :       3063.565593
 Mol. C8AA /au·bohr⁸  :      65388.139092
 Mol. α(0) /au        :         81.346222


Wiberg/Mayer (AO) data.
largest (>0.10) Wiberg bond orders for each atom

 ---------------------------------------------------------------------------
     #   Z sym  total        # sym  WBO       # sym  WBO       # sym  WBO
 ---------------------------------------------------------------------------
     1   7 N    3.701 --    10 O    1.024     3 H    0.907     4 C    0.882
                             2 H    0.785
     2   1 H    0.887 --     1 N    0.785
     3   1 H    0.976 --     1 N    0.907
     4   6 C    3.961 --     5 C    1.009    12 H    0.975    13 H    0.969
                             1 N    0.882
     5   6 C    3.977 --     4 C    1.009     6 C    0.991    15 H    0.972
                            14 H    0.941
     6   6 C    3.967 --     7 O    0.998     5 C    0.991    16 H    0.974
                            17 H    0.967
     7   8 O    2.067 --     6 C    0.998     8 C    0.946
     8   6 C    3.941 --    18 H    0.970    19 H    0.968     9 C    0.951
                             7 O    0.946
     9   6 C    3.466 --    11 O    1.494     8 C    0.951    10 O    0.861
    10   8 O    2.120 --     1 N    1.024     9 C    0.861
    11   8 O    1.779 --     9 C    1.494
    12   1 H    0.997 --     4 C    0.975
    13   1 H    0.997 --     4 C    0.969
    14   1 H    0.987 --     5 C    0.941
    15   1 H    0.998 --     5 C    0.972
    16   1 H    0.998 --     6 C    0.974
    17   1 H    0.999 --     6 C    0.967
    18   1 H    0.997 --     8 C    0.970
    19   1 H    1.000 --     8 C    0.968
 ---------------------------------------------------------------------------

Topologies differ in total number of bonds
Writing topology from bond orders to xtbtopo.mol

molecular dipole:
                 x           y           z       tot (Debye)
 q only:       -2.890       0.727       1.112
   full:       -3.387       0.815       1.440       9.582
molecular quadrupole (traceless):
                xx          xy          yy          xz          yz          zz
 q only:        7.533       2.737      -3.899       0.899      -5.391      -3.633
  q+dip:        7.821       4.322      -4.727       0.565      -5.449      -3.094
   full:        8.508       3.901      -4.626       0.835      -5.937      -3.883


           -------------------------------------------------
          | TOTAL ENERGY              -30.556407684883 Eh   |
          | GRADIENT NORM               0.593214287845 Eh/α |
          | HOMO-LUMO GAP               2.869033337577 eV   |
           -------------------------------------------------

------------------------------------------------------------------------
 * finished run on 2024/06/26 at 22:38:05.007     
------------------------------------------------------------------------
 total:
 * wall-time:     0 d,  0 h,  0 min,  0.032 sec
 *  cpu-time:     0 d,  0 h,  0 min,  0.680 sec
 * ratio c/w:    21.029 speedup
 SCF:
 * wall-time:     0 d,  0 h,  0 min,  0.008 sec
 *  cpu-time:     0 d,  0 h,  0 min,  0.196 sec
 * ratio c/w:    25.793 speedup

