      -----------------------------------------------------------      
     |                   =====================                   |     
     |                           x T B                           |     
     |                   =====================                   |     
     |                         S. Grimme                         |     
     |          Mulliken Center for Theoretical Chemistry        |     
     |                    University of Bonn                     |     
      -----------------------------------------------------------      

   * xtb version 6.6.1 (8d0f1dd) compiled by 'conda@1efc2f54142f' on 2023-08-01

   xtb is free software: you can redistribute it and/or modify it under
   the terms of the GNU Lesser General Public License as published by
   the Free Software Foundation, either version 3 of the License, or
   (at your option) any later version.
   
   xtb is distributed in the hope that it will be useful,
   but WITHOUT ANY WARRANTY; without even the implied warranty of
   MERCHANTABILITY or FITNESS FOR A PARTICULAR PURPOSE.  See the
   GNU Lesser General Public License for more details.
   
   Cite this work as:
   * C. Bannwarth, E. Caldeweyher, S. Ehlert, A. Hansen, P. Pracht,
     J. Seibert, S. Spicher, S. Grimme, WIREs Comput. Mol. Sci., 2020, 11,
     e01493. DOI: 10.1002/wcms.1493
   
   for GFN2-xTB:
   * C. Bannwarth, S. Ehlert and S. Grimme., J. Chem. Theory Comput., 2019,
     15, 1652-1671. DOI: 10.1021/acs.jctc.8b01176
   for GFN1-xTB:
   * S. Grimme, C. Bannwarth, P. Shushkov, J. Chem. Theory Comput., 2017,
     13, 1989-2009. DOI: 10.1021/acs.jctc.7b00118
   for GFN0-xTB:
   * P. Pracht, E. Caldeweyher, S. Ehlert, S. Grimme, ChemRxiv, 2019, preprint.
     DOI: 10.26434/chemrxiv.8326202.v1
   for GFN-FF:
   * S. Spicher and S. Grimme, Angew. Chem. Int. Ed., 2020, 59, 15665-15673.
     DOI: 10.1002/anie.202004239
   
   for ALPB and GBSA implicit solvation:
   * S. Ehlert, M. Stahn, S. Spicher, S. Grimme, J. Chem. Theory Comput.,
     2021, 17, 4250-4261. DOI: 10.1021/acs.jctc.1c00471
   
   for DFT-D4:
   * E. Caldeweyher, C. Bannwarth and S. Grimme, J. Chem. Phys., 2017,
     147, 034112. DOI: 10.1063/1.4993215
   * E. Caldeweyher, S. Ehlert, A. Hansen, H. Neugebauer, S. Spicher,
     C. Bannwarth and S. Grimme, J. Chem. Phys., 2019, 150, 154122.
     DOI: 10.1063/1.5090222
   * E. Caldeweyher, J.-M. Mewes, S. Ehlert and S. Grimme, Phys. Chem. Chem. Phys.
     2020, 22, 8499-8512. DOI: 10.1039/D0CP00502A
   
   for sTDA-xTB:
   * S. Grimme and C. Bannwarth, J. Chem. Phys., 2016, 145, 054103.
     DOI: 10.1063/1.4959605
   
   in the mass-spec context:
   * V. Asgeirsson, C. Bauer and S. Grimme, Chem. Sci., 2017, 8, 4879.
     DOI: 10.1039/c7sc00601b
   * J. Koopman and S. Grimme, ACS Omega 2019, 4, 12, 15120-15133.
     DOI: 10.1021/acsomega.9b02011
   
   for metadynamics refer to:
   * S. Grimme, J. Chem. Theory Comput., 2019, 155, 2847-2862
     DOI: 10.1021/acs.jctc.9b00143
   
   for SPH calculations refer to:
   * S. Spicher and S. Grimme, J. Chem. Theory Comput., 2021, 17, 1701-1714
     DOI: 10.1021/acs.jctc.0c01306
   
   with help from (in alphabetical order)
   P. Atkinson, C. Bannwarth, F. Bohle, G. Brandenburg, E. Caldeweyher
   M. Checinski, S. Dohm, S. Ehlert, S. Ehrlich, I. Gerasimov, C. Hölzer
   A. Katbashev, J. Koopman, C. Lavigne, S. Lehtola, F. März, M. Müller,
   F. Musil, H. Neugebauer, J. Pisarek, C. Plett, P. Pracht, F. Pultar,
   J. Seibert, P. Shushkov, S. Spicher, M. Stahn, M. Steiner, T. Strunk,
   J. Stückrath, T. Rose, and J. Unsleber
   
 * started run on 2024/05/26 at 19:54:10.709     

           -------------------------------------------------
          |                Calculation Setup                |
           -------------------------------------------------

          program call               : xtb tests/test_files/xyz/dsgdb9nsd_130336-5.xyz --uhf 1 --opt
          coordinate file            : tests/test_files/xyz/dsgdb9nsd_130336-5.xyz
          omp threads                :                    28

   ID    Z sym.   atoms
    1    7 N      1, 10, 11
    2    1 H      2-4, 13
    3    6 C      5-9
    4    8 O      12

           -------------------------------------------------
          |                 G F N 2 - x T B                 |
           -------------------------------------------------

        Reference                      10.1021/acs.jctc.8b01176
      * Hamiltonian:
        H0-scaling (s, p, d)           1.850000    2.230000    2.230000
        zeta-weighting                 0.500000
      * Dispersion:
        s8                             2.700000
        a1                             0.520000
        a2                             5.000000
        s9                             5.000000
      * Repulsion:
        kExp                           1.500000    1.000000
        rExp                           1.000000
      * Coulomb:
        alpha                          2.000000
        third order                    shell-resolved
        anisotropic                    true
        a3                             3.000000
        a5                             4.000000
        cn-shift                       1.200000
        cn-exp                         4.000000
        max-rad                        5.000000


          ...................................................
          :                      SETUP                      :
          :.................................................:
          :  # basis functions                  40          :
          :  # atomic orbitals                  40          :
          :  # shells                           22          :
          :  # electrons                        45          :
          :  max. iterations                   250          :
          :  Hamiltonian                  GFN2-xTB          :
          :  restarted?                      false          :
          :  GBSA solvation                  false          :
          :  PC potential                    false          :
          :  electronic temp.          300.0000000     K    :
          :  accuracy                    1.0000000          :
          :  -> integral cutoff          0.2500000E+02      :
          :  -> integral neglect         0.1000000E-07      :
          :  -> SCF convergence          0.1000000E-05 Eh   :
          :  -> wf. convergence          0.1000000E-03 e    :
          :  Broyden damping             0.4000000          :
          ...................................................

 iter      E             dE          RMSdq      gap      omega  full diag
   1    -25.3628379 -0.253628E+02  0.525E+00    3.41       0.0  T
   2    -25.5252845 -0.162447E+00  0.392E+00    0.57       1.0  T
   3    -25.6014199 -0.761354E-01  0.209E+00    2.34       1.0  T
   4    -25.6006257  0.794152E-03  0.121E+00    1.80       1.0  T
   5    -25.6050411 -0.441537E-02  0.228E-01    2.08       1.0  T
   6    -25.6053997 -0.358568E-03  0.119E-01    2.07       1.0  T
   7    -25.6054534 -0.536974E-04  0.517E-02    2.09       1.0  T
   8    -25.6054567 -0.336775E-05  0.205E-02    2.09       1.3  T
   9    -25.6054594 -0.269885E-05  0.739E-03    2.09       3.8  T
  10    -25.6054596 -0.123750E-06  0.342E-03    2.09       8.1  T
  11    -25.6054596 -0.259230E-07  0.710E-04    2.09      39.1  T
  12    -25.6054596 -0.129649E-09  0.383E-04    2.09      72.4  T

   *** convergence criteria satisfied after 12 iterations ***

         #    Occupation            Energy/Eh            Energy/eV
      -------------------------------------------------------------
         1        2.0000           -0.7424477             -20.2030
       ...           ...                  ...                  ...
        17        2.0000           -0.4407394             -11.9931
        18        2.0000           -0.4393114             -11.9543
        19        2.0000           -0.3941947             -10.7266
        20        2.0000           -0.3764100             -10.2426
        21        2.0000           -0.3504525              -9.5363
        22        1.9999           -0.3293266              -8.9614
        23        1.0001           -0.3110607              -8.4644 (HOMO)
        24                         -0.2343138              -6.3760 (LUMO)
        25                         -0.1359475              -3.6993
        26                         -0.1039951              -2.8299
        27                         -0.1000511              -2.7225
        28                         -0.0747529              -2.0341
       ...                                ...                  ...
        40                          0.6590917              17.9348
      -------------------------------------------------------------
                  HL-Gap            0.0767469 Eh            2.0884 eV
             Fermi-level           -0.2964404 Eh           -8.0666 eV

 SCC (total)                   0 d,  0 h,  0 min,  0.012 sec
 SCC setup                      ...        0 min,  0.000 sec (  2.210%)
 Dispersion                     ...        0 min,  0.000 sec (  3.637%)
 classical contributions        ...        0 min,  0.000 sec (  3.472%)
 integral evaluation            ...        0 min,  0.001 sec (  7.937%)
 iterations                     ...        0 min,  0.007 sec ( 53.306%)
 molecular gradient             ...        0 min,  0.003 sec ( 27.269%)
 printout                       ...        0 min,  0.000 sec (  2.057%)

         :::::::::::::::::::::::::::::::::::::::::::::::::::::
         ::                     SUMMARY                     ::
         :::::::::::::::::::::::::::::::::::::::::::::::::::::
         :: total energy             -25.317741061682 Eh    ::
         :: gradient norm              0.082692954417 Eh/a0 ::
         :: HOMO-LUMO gap              2.088388673665 eV    ::
         ::.................................................::
         :: SCC energy               -25.605459581068 Eh    ::
         :: -> isotropic ES            0.058766326265 Eh    ::
         :: -> anisotropic ES          0.004647541866 Eh    ::
         :: -> anisotropic XC          0.015574078358 Eh    ::
         :: -> dispersion             -0.010722837182 Eh    ::
         :: repulsion energy           0.287698774020 Eh    ::
         :: add. restraining           0.000000000000 Eh    ::
         :: total charge               0.000000000000 e     ::
         :::::::::::::::::::::::::::::::::::::::::::::::::::::

      ----------------------------------------------------------- 
     |                   =====================                   |
     |                        A N C O P T                        |
     |                   =====================                   |
     |               Approximate Normal Coordinate               |
     |                Rational Function Optimizer                |
      ----------------------------------------------------------- 

          ...................................................
          :                      SETUP                      :
          :.................................................:
          :   optimization level            normal          :
          :   max. optcycles                   200          :
          :   ANC micro-cycles                  20          :
          :   degrees of freedom                33          :
          :.................................................:
          :   RF solver                   davidson          :
          :   write xtbopt.log                true          :
          :   linear?                        false          :
          :   energy convergence         0.5000000E-05 Eh   :
          :   grad. convergence          0.1000000E-02 Eh/α :
          :   maxmium RF displ.          1.0000000          :
          :   Hlow (freq-cutoff)         0.1000000E-01      :
          :   Hmax (freq-cutoff)         5.0000000          :
          :   S6 in model hess.         20.0000000          :
          ...................................................

generating ANC from model Hessian ...
Using Lindh-Hessian (1995)
 Shifting diagonal of input Hessian by    4.4036956355682742E-004
 Lowest  eigenvalues of input Hessian
    0.000000    0.000000    0.000000    0.000000    0.000000    0.000000
    0.010000    0.011131    0.017135    0.019703    0.045907    0.058933
    0.061045    0.095784    0.100664    0.127321    0.128509    0.176262
 Highest eigenvalues
    1.496114    1.711160    1.756313    1.887108    1.948450    2.187247


........................................................................
.............................. CYCLE    1 ..............................
........................................................................

 iter      E             dE          RMSdq      gap      omega  full diag
   1    -25.6054596 -0.256055E+02  0.154E-04    2.09       0.0  T
   2    -25.6054596 -0.469171E-10  0.110E-04    2.09     252.2  T
   3    -25.6054596 -0.135000E-09  0.584E-05    2.09     474.6  T
     SCC iter.                  ...        0 min,  0.001 sec
     gradient                   ...        0 min,  0.001 sec
 * total energy  :   -25.3177411 Eh     change       -0.1170395E-08 Eh
   gradient norm :     0.0826925 Eh/α   predicted     0.0000000E+00 (-100.00%)
   displ. norm   :     0.1253302 α      lambda       -0.7213679E-02
   maximum displ.:     0.0827864 α      in ANC's #17, #12, #24, ...

........................................................................
.............................. CYCLE    2 ..............................
........................................................................

 iter      E             dE          RMSdq      gap      omega  full diag
   1    -25.6215905 -0.256216E+02  0.291E-01    2.10       0.0  T
   2    -25.6216562 -0.656734E-04  0.165E-01    2.05       1.0  T
   3    -25.6216206  0.356002E-04  0.713E-02    2.11       1.0  T
   4    -25.6216675 -0.468650E-04  0.201E-02    2.06       1.4  T
   5    -25.6216715 -0.406070E-05  0.765E-03    2.07       3.6  T
   6    -25.6216718 -0.304881E-06  0.422E-03    2.07       6.6  T
   7    -25.6216719 -0.410020E-07  0.140E-03    2.07      19.9  T
   8    -25.6216719 -0.126625E-07  0.559E-04    2.07      49.6  T
   9    -25.6216719 -0.537430E-09  0.267E-04    2.07     103.8  T
     SCC iter.                  ...        0 min,  0.004 sec
     gradient                   ...        0 min,  0.001 sec
 * total energy  :   -25.3226697 Eh     change       -0.4928603E-02 Eh
   gradient norm :     0.0423159 Eh/α   predicted    -0.3663493E-02 ( -25.67%)
   displ. norm   :     0.0772467 α      lambda       -0.2513404E-02
   maximum displ.:     0.0420420 α      in ANC's #17, #24, #29, ...

........................................................................
.............................. CYCLE    3 ..............................
........................................................................

 iter      E             dE          RMSdq      gap      omega  full diag
   1    -25.6294643 -0.256295E+02  0.216E-01    2.09       0.0  T
   2    -25.6295895 -0.125257E-03  0.129E-01    2.05       1.0  T
   3    -25.6296038 -0.142323E-04  0.653E-02    2.07       1.0  T
   4    -25.6296107 -0.689659E-05  0.216E-02    2.07       1.3  T
   5    -25.6296138 -0.309751E-05  0.736E-03    2.07       3.8  T
   6    -25.6296139 -0.190616E-06  0.424E-03    2.07       6.5  T
   7    -25.6296140 -0.269381E-07  0.158E-03    2.07      17.5  T
   8    -25.6296140 -0.149390E-07  0.546E-04    2.07      50.8  T
   9    -25.6296140 -0.154976E-08  0.302E-04    2.07      91.9  T
     SCC iter.                  ...        0 min,  0.003 sec
     gradient                   ...        0 min,  0.001 sec
 * total energy  :   -25.3241082 Eh     change       -0.1438506E-02 Eh
   gradient norm :     0.0167810 Eh/α   predicted    -0.1264198E-02 ( -12.12%)
   displ. norm   :     0.0361222 α      lambda       -0.3267652E-03
   maximum displ.:     0.0204130 α      in ANC's #1, #4, #24, ...

........................................................................
.............................. CYCLE    4 ..............................
........................................................................

 iter      E             dE          RMSdq      gap      omega  full diag
   1    -25.6283753 -0.256284E+02  0.731E-02    2.08       0.0  T
   2    -25.6284093 -0.339566E-04  0.440E-02    2.08       1.0  T
   3    -25.6284139 -0.459544E-05  0.220E-02    2.07       1.3  T
   4    -25.6284131  0.711058E-06  0.121E-02    2.08       2.3  T
   5    -25.6284144 -0.124417E-05  0.333E-03    2.07       8.3  T
   6    -25.6284144 -0.555346E-07  0.159E-03    2.08      17.5  T
   7    -25.6284145 -0.404566E-08  0.807E-04    2.07      34.3  T
   8    -25.6284145 -0.296819E-08  0.231E-04    2.08     119.9  T
     SCC iter.                  ...        0 min,  0.002 sec
     gradient                   ...        0 min,  0.001 sec
 * total energy  :   -25.3243410 Eh     change       -0.2328193E-03 Eh
   gradient norm :     0.0100142 Eh/α   predicted    -0.1635967E-03 ( -29.73%)
   displ. norm   :     0.0310519 α      lambda       -0.1700714E-03
   maximum displ.:     0.0157248 α      in ANC's #4, #5, #24, ...

........................................................................
.............................. CYCLE    5 ..............................
........................................................................

 iter      E             dE          RMSdq      gap      omega  full diag
   1    -25.6265461 -0.256265E+02  0.678E-02    2.08       0.0  T
   2    -25.6265772 -0.310562E-04  0.395E-02    2.09       1.0  T
   3    -25.6265807 -0.350169E-05  0.204E-02    2.08       1.4  T
   4    -25.6265797  0.950109E-06  0.112E-02    2.09       2.5  T
   5    -25.6265811 -0.135589E-05  0.289E-03    2.08       9.6  T
   6    -25.6265811 -0.437962E-07  0.127E-03    2.08      21.8  T
   7    -25.6265811 -0.145559E-08  0.638E-04    2.08      43.4  T
   8    -25.6265811 -0.186645E-08  0.188E-04    2.08     147.7  T
     SCC iter.                  ...        0 min,  0.009 sec
     gradient                   ...        0 min,  0.001 sec
 * total energy  :   -25.3244367 Eh     change       -0.9568668E-04 Eh
   gradient norm :     0.0045590 Eh/α   predicted    -0.8511679E-04 ( -11.05%)
   displ. norm   :     0.0211649 α      lambda       -0.2102150E-04
   maximum displ.:     0.0198153 α      in ANC's #1, #4, #17, ...

........................................................................
.............................. CYCLE    6 ..............................
........................................................................

 iter      E             dE          RMSdq      gap      omega  full diag
   1    -25.6262522 -0.256263E+02  0.221E-02    2.08       0.0  T
   2    -25.6262541 -0.187543E-05  0.128E-02    2.09       2.2  T
   3    -25.6262542 -0.142017E-06  0.664E-03    2.08       4.2  T
   4    -25.6262542  0.212632E-07  0.194E-03    2.09      14.3  T
   5    -25.6262543 -0.491778E-07  0.643E-04    2.08      43.1  T
   6    -25.6262543 -0.236592E-08  0.285E-04    2.08      97.4  T
     SCC iter.                  ...        0 min,  0.001 sec
     gradient                   ...        0 min,  0.001 sec
 * total energy  :   -25.3244495 Eh     change       -0.1283446E-04 Eh
   gradient norm :     0.0025893 Eh/α   predicted    -0.1051589E-04 ( -18.07%)
   displ. norm   :     0.0105555 α      lambda       -0.1132738E-04
   maximum displ.:     0.0059075 α      in ANC's #2, #5, #1, ...

........................................................................
.............................. CYCLE    7 ..............................
........................................................................

 iter      E             dE          RMSdq      gap      omega  full diag
   1    -25.6262901 -0.256263E+02  0.168E-02    2.09       0.0  T
   2    -25.6262910 -0.896767E-06  0.102E-02    2.09       2.7  T
   3    -25.6262911 -0.828724E-07  0.517E-03    2.09       5.4  T
   4    -25.6262911  0.296901E-08  0.154E-03    2.09      18.0  T
   5    -25.6262911 -0.250655E-07  0.397E-04    2.09      69.9  T
   6    -25.6262911 -0.377312E-09  0.207E-04    2.09     134.2  T
     SCC iter.                  ...        0 min,  0.001 sec
     gradient                   ...        0 min,  0.001 sec
 * total energy  :   -25.3244555 Eh     change       -0.5956416E-05 Eh
   gradient norm :     0.0012418 Eh/α   predicted    -0.5664658E-05 (  -4.90%)
   displ. norm   :     0.0070363 α      lambda       -0.1886517E-05
   maximum displ.:     0.0056665 α      in ANC's #1, #6, #31, ...

........................................................................
.............................. CYCLE    8 ..............................
........................................................................

 iter      E             dE          RMSdq      gap      omega  full diag
   1    -25.6264924 -0.256265E+02  0.754E-03    2.09       0.0  T
   2    -25.6264925 -0.125662E-06  0.420E-03    2.09       6.6  T
   3    -25.6264925 -0.302969E-07  0.245E-03    2.09      11.3  T
   4    -25.6264926 -0.194155E-07  0.628E-04    2.09      44.2  T
   5    -25.6264926 -0.298972E-08  0.176E-04    2.09     157.6  T
     SCC iter.                  ...        0 min,  0.002 sec
     gradient                   ...        0 min,  0.001 sec
 * total energy  :   -25.3244566 Eh     change       -0.1143179E-05 Eh
   gradient norm :     0.0005850 Eh/α   predicted    -0.9442942E-06 ( -17.40%)
   displ. norm   :     0.0047591 α      lambda       -0.6232202E-06
   maximum displ.:     0.0032536 α      in ANC's #2, #1, #10, ...

   *** GEOMETRY OPTIMIZATION CONVERGED AFTER 8 ITERATIONS ***

------------------------------------------------------------------------
 total energy gain   :        -0.0067156 Eh       -4.2141 kcal/mol
 total RMSD          :         0.0615996 a0        0.0326 Å
 total power (kW/mol):        -2.2039594 (step) -486.8621 (real)
------------------------------------------------------------------------

 ANCopt (total)                0 d,  0 h,  0 min,  0.036 sec
 optimizer setup                ...        0 min,  0.000 sec (  0.221%)
 model hessian                  ...        0 min,  0.001 sec (  2.535%)
 ANC generation                 ...        0 min,  0.000 sec (  0.711%)
 coordinate transformation      ...        0 min,  0.000 sec (  0.056%)
 single point calculation       ...        0 min,  0.032 sec ( 88.633%)
 optimization log               ...        0 min,  0.001 sec (  3.194%)
 hessian update                 ...        0 min,  0.000 sec (  0.526%)
 rational function              ...        0 min,  0.001 sec (  3.003%)

================
 final structure:
================
13
 xtb: 6.6.1 (8d0f1dd)
N           -2.41286545768144       -1.06630760679660        0.01551944530008
H           -2.46864079661832       -1.54883580541515        0.92247063256400
H           -2.26570060742773       -1.77163471971843       -0.71656451795231
H           -3.28187918980401       -0.55171294556114       -0.15685623334664
C           -1.29558624914150       -0.09151999933222       -0.00108738395685
C           -1.40356670349989        1.30841677779727       -0.00078531512593
C           -0.12406241025578        1.85611224604164       -0.00381877435414
C            0.79362835103415        0.84362535117896       -0.00172154922691
C            0.06474387956354       -0.40776508229079        0.00406181262363
N            0.98679481376284       -1.37594940195143        0.00154845539921
N            2.14447396377925       -0.87864979191079       -0.00246764690812
O            2.09176700302427        0.51938115223274       -0.00616800479336
H           -2.32732659673538        1.85926982572593       -0.00333092022267

 Bond Distances (Angstroems)
 ---------------------------
N1-H2=1.0288         N1-H3=1.0272         N1-H4=1.0246         N1-C5=1.4828         H2-N1=1.0288         H3-N1=1.0272         
H4-N1=1.0246         C5-N1=1.4828         C5-C6=1.4041         C5-C9=1.3966         C6-C5=1.4041         C6-C7=1.3918         
C6-H13=1.0755        C7-C6=1.3918         C7-C8=1.3665         C8-C7=1.3665         C8-C9=1.4482         C8-O12=1.3380        
C9-C5=1.3966         C9-C8=1.4482         C9-N10=1.3370        N10-C9=1.3370        N10-N11=1.2600       N11-N10=1.2600       
N11-O12=1.3990       O12-C8=1.3380        O12-N11=1.3990       H13-C6=1.0755        
 C  H  Rav=1.0755 sigma=0.0000  Rmin=1.0755  Rmax=1.0755     1
 C  C  Rav=1.4014 sigma=0.0266  Rmin=1.3665  Rmax=1.4482     5
 N  H  Rav=1.0269 sigma=0.0018  Rmin=1.0246  Rmax=1.0288     3
 N  C  Rav=1.4099 sigma=0.0729  Rmin=1.3370  Rmax=1.4828     2
 N  N  Rav=1.2600 sigma=0.0000  Rmin=1.2600  Rmax=1.2600     1
 O  C  Rav=1.3380 sigma=0.0000  Rmin=1.3380  Rmax=1.3380     1
 O  N  Rav=1.3990 sigma=0.0000  Rmin=1.3990  Rmax=1.3990     1

 selected bond angles (degree)
 --------------------
H3-N1-H2=108.30                H4-N1-H2=109.75                H4-N1-H3=110.27                C5-N1-H2=111.04                
C5-N1-H3=109.60                C5-N1-H4=107.88                C6-C5-N1=126.69                C9-C5-N1=125.80                
C9-C5-C6=107.50                C7-C6-C5=108.76                H13-C6-C5=125.22               H13-C6-C7=126.02               
C8-C7-C6=109.01                C9-C8-C7=107.59                O12-C8-C7=146.21               O12-C8-C9=106.20               
C8-C9-C5=107.13                N10-C9-C5=146.69               N10-C9-C8=106.18               N11-N10-C9=110.36              

 selected dihedral angles (degree)
 ---------------------------------
C6-C5-N1-H2=250.59            C6-C5-N1-H3=130.98            C6-C5-N1-H4= 10.89            C9-C5-N1-H2= 69.37            
C9-C5-N1-H3=309.76            C9-C5-N1-H4=189.67            C7-C6-C5-N1=179.33            C7-C6-C5-C9=  0.36            
H13-C6-C5-N1=359.02           H13-C6-C5-C9=180.05           C8-C7-C6-C5=359.81            C8-C7-C6-H13=180.12           
C9-C8-C7-C6=359.95            O12-C8-C7-C6=179.69           C8-C9-C5-N1=180.64            C8-C9-C5-C6=359.62            
N10-C9-C5-N1=  1.46           N10-C9-C5-C6=180.44           C5-C9-C8-C7=  0.27            C5-C9-C8-O12=180.42           
N10-C9-C8-C7=179.80           N10-C9-C8-O12=359.95          N11-N10-C9-C5=179.30          N11-N10-C9-C8=  0.11          
           -------------------------------------------------
          |                Final Singlepoint                |
           -------------------------------------------------

          ...................................................
          :                      SETUP                      :
          :.................................................:
          :  # basis functions                  40          :
          :  # atomic orbitals                  40          :
          :  # shells                           22          :
          :  # electrons                        45          :
          :  max. iterations                   250          :
          :  Hamiltonian                  GFN2-xTB          :
          :  restarted?                      false          :
          :  GBSA solvation                  false          :
          :  PC potential                    false          :
          :  electronic temp.          300.0000000     K    :
          :  accuracy                    1.0000000          :
          :  -> integral cutoff          0.2500000E+02      :
          :  -> integral neglect         0.1000000E-07      :
          :  -> SCF convergence          0.1000000E-05 Eh   :
          :  -> wf. convergence          0.1000000E-03 e    :
          :  Broyden damping             0.4000000          :
          ...................................................

 iter      E             dE          RMSdq      gap      omega  full diag
   1    -25.6264926 -0.256265E+02  0.721E-05    2.09       0.0  T
   2    -25.6264926 -0.590461E-11  0.406E-05    2.09     682.6  T
   3    -25.6264926  0.770939E-12  0.253E-05    2.09    1096.7  T

   *** convergence criteria satisfied after 3 iterations ***

         #    Occupation            Energy/Eh            Energy/eV
      -------------------------------------------------------------
         1        2.0000           -0.7384101             -20.0932
       ...           ...                  ...                  ...
        17        2.0000           -0.4409663             -11.9993
        18        2.0000           -0.4388944             -11.9429
        19        2.0000           -0.3894922             -10.5986
        20        2.0000           -0.3667062              -9.9786
        21        2.0000           -0.3459096              -9.4127
        22        2.0000           -0.3309423              -9.0054
        23        1.0000           -0.3000589              -8.1650 (HOMO)
        24                         -0.2234000              -6.0790 (LUMO)
        25                         -0.1232300              -3.3533
        26                         -0.1050995              -2.8599
        27                         -0.0984125              -2.6779
        28                         -0.0121041              -0.3294
       ...                                ...                  ...
        40                          0.7142419              19.4355
      -------------------------------------------------------------
                  HL-Gap            0.0766589 Eh            2.0860 eV
             Fermi-level           -0.2886150 Eh           -7.8536 eV

 SCC (total)                   0 d,  0 h,  0 min,  0.003 sec
 SCC setup                      ...        0 min,  0.000 sec (  2.085%)
 Dispersion                     ...        0 min,  0.000 sec (  1.596%)
 classical contributions        ...        0 min,  0.000 sec (  0.528%)
 integral evaluation            ...        0 min,  0.000 sec (  8.441%)
 iterations                     ...        0 min,  0.001 sec ( 37.631%)
 molecular gradient             ...        0 min,  0.001 sec ( 46.308%)
 printout                       ...        0 min,  0.000 sec (  3.034%)

         :::::::::::::::::::::::::::::::::::::::::::::::::::::
         ::                     SUMMARY                     ::
         :::::::::::::::::::::::::::::::::::::::::::::::::::::
         :: total energy             -25.324456612331 Eh    ::
         :: gradient norm              0.000585825228 Eh/a0 ::
         :: HOMO-LUMO gap              2.085994662153 eV    ::
         ::.................................................::
         :: SCC energy               -25.626492559044 Eh    ::
         :: -> isotropic ES            0.057232795135 Eh    ::
         :: -> anisotropic ES          0.004795374991 Eh    ::
         :: -> anisotropic XC          0.016161937403 Eh    ::
         :: -> dispersion             -0.010753220334 Eh    ::
         :: repulsion energy           0.302016706632 Eh    ::
         :: add. restraining           0.000000000000 Eh    ::
         :: total charge               0.000000000000 e     ::
         :::::::::::::::::::::::::::::::::::::::::::::::::::::

           -------------------------------------------------
          |                Property Printout                |
           -------------------------------------------------

    * Orbital Energies and Occupations

         #    Occupation            Energy/Eh            Energy/eV
      -------------------------------------------------------------
         1        2.0000           -0.7384101             -20.0932
       ...           ...                  ...                  ...
        11        2.0000           -0.5403571             -14.7039
        12        2.0000           -0.5358716             -14.5818
        13        2.0000           -0.5286706             -14.3859
        14        2.0000           -0.4682057             -12.7405
        15        2.0000           -0.4540636             -12.3557
        16        2.0000           -0.4519717             -12.2988
        17        2.0000           -0.4409663             -11.9993
        18        2.0000           -0.4388944             -11.9429
        19        2.0000           -0.3894922             -10.5986
        20        2.0000           -0.3667062              -9.9786
        21        2.0000           -0.3459096              -9.4127
        22        2.0000           -0.3309423              -9.0054
        23        1.0000           -0.3000589              -8.1650 (HOMO)
        24                         -0.2234000              -6.0790 (LUMO)
        25                         -0.1232300              -3.3533
        26                         -0.1050995              -2.8599
        27                         -0.0984125              -2.6779
        28                         -0.0121041              -0.3294
        29                          0.0152427               0.4148
        30                          0.0661346               1.7996
        31                          0.0770719               2.0972
        32                          0.1243571               3.3839
        33                          0.1323417               3.6012
        34                          0.2639141               7.1815
       ...                                ...                  ...
        40                          0.7142419              19.4355
      -------------------------------------------------------------
                  HL-Gap            0.0766589 Eh            2.0860 eV
             Fermi-level           -0.2886150 Eh           -7.8536 eV

     #   Z          covCN         q      C6AA      α(0)
     1   7 N        3.483    -0.113    23.462     7.194
     2   1 H        0.859     0.237     0.937     1.517
     3   1 H        0.859     0.242     0.913     1.497
     4   1 H        0.859     0.243     0.913     1.496
     5   6 C        3.000    -0.077    29.916     8.972
     6   6 C        3.064    -0.076    29.816     8.954
     7   6 C        2.107    -0.150    35.072     9.569
     8   6 C        3.112     0.112    25.393     8.255
     9   6 C        3.179     0.006    27.475     8.558
    10   7 N        1.955    -0.183    25.764     7.527
    11   7 N        2.121    -0.057    22.895     7.099
    12   8 O        1.785    -0.185    17.087     5.582
    13   1 H        0.926     0.002     3.018     2.717

 Mol. C6AA /au·bohr⁶  :       2550.186127
 Mol. C8AA /au·bohr⁸  :      62098.473108
 Mol. α(0) /au        :         78.936624


Wiberg/Mayer (AO) data.
largest (>0.10) Wiberg bond orders for each atom

 ---------------------------------------------------------------------------
     #   Z sym  total        # sym  WBO       # sym  WBO       # sym  WBO
 ---------------------------------------------------------------------------
     1   7 N    3.671 --     4 H    0.925     3 H    0.923     2 H    0.923
                             5 C    0.857
     2   1 H    0.944 --     1 N    0.923
     3   1 H    0.941 --     1 N    0.923
     4   1 H    0.941 --     1 N    0.925
     5   6 C    3.728 --     6 C    1.346     9 C    1.262     1 N    0.857
                             7 C    0.115
     6   6 C    3.966 --     7 C    1.422     5 C    1.346    13 H    0.971
     7   6 C    3.219 --     8 C    1.451     6 C    1.422     5 C    0.115
     8   6 C    3.910 --     7 C    1.451    12 O    1.116     9 C    1.092
                            11 N    0.117
     9   6 C    3.949 --    10 N    1.301     5 C    1.262     8 C    1.092
                            11 N    0.109
    10   7 N    3.134 --    11 N    1.569     9 C    1.301    12 O    0.139
    11   7 N    2.960 --    10 N    1.569    12 O    1.035     8 C    0.117
                             9 C    0.109
    12   8 O    2.406 --     8 C    1.116    11 N    1.035    10 N    0.139
    13   1 H    1.000 --     6 C    0.971
 ---------------------------------------------------------------------------

Topologies differ in total number of bonds
Writing topology from bond orders to xtbtopo.mol

molecular dipole:
                 x           y           z       tot (Debye)
 q only:       -3.854      -1.655       0.012
   full:       -4.465      -1.595       0.019      12.051
molecular quadrupole (traceless):
                xx          xy          yy          xz          yz          zz
 q only:       10.309      12.913      -5.305      -0.075      -0.030      -5.004
  q+dip:       11.733      15.365      -7.488      -0.104      -0.048      -4.245
   full:       10.918      16.046      -7.634      -0.105      -0.049      -3.285

           -------------------------------------------------
          |                Geometry Summary                 |
           -------------------------------------------------

      molecular mass/u    :      122.1049570
   center of mass at/Å    :        0.0778396       0.0156426       0.0009144
  moments of inertia/u·Å² :        0.1408688E+03   0.3095566E+03   0.4476254E+03
rotational constants/cm⁻¹ :        0.1196690E+00   0.5445734E-01   0.3766013E-01

 * 12 selected distances

     #   Z          #   Z                                           value/Å
     1   7 N        2   1 H                                       1.0288367
     1   7 N        3   1 H                                       1.0271762
     1   7 N        4   1 H                                       1.0245517 (min)
     5   6 C        6   6 C                                       1.4040952
     6   6 C        7   6 C                                       1.3918014
     7   6 C        8   6 C                                       1.3664885
     5   6 C        9   6 C                                       1.3966159
     8   6 C        9   6 C                                       1.4482004 (max)
     9   6 C       10   7 N                                       1.3369987
    10   7 N       11   7 N                                       1.2599779
     8   6 C       12   8 O                                       1.3380278
     6   6 C       13   1 H                                       1.0755362

 * 6 distinct bonds (by element types)

   Z      Z             #   av. dist./Å        max./Å        min./Å
   1 H    6 C           1     1.0755362     1.0755362     1.0755362
   6 C    6 C           5     1.4014403     1.4482004     1.3664885
   1 H    7 N           3     1.0268549     1.0288367     1.0245517
   6 C    7 N           1     1.3369987     1.3369987     1.3369987
   7 N    7 N           1     1.2599779     1.2599779     1.2599779
   6 C    8 O           1     1.3380278     1.3380278     1.3380278


optimized geometry written to: xtbopt.xyz


           -------------------------------------------------
          | TOTAL ENERGY              -25.324456612331 Eh   |
          | GRADIENT NORM               0.000585825228 Eh/α |
          | HOMO-LUMO GAP               2.085994662153 eV   |
           -------------------------------------------------
########################################################################
[WARNING] Runtime exception occurred
-2- restart_readRestart: Dimension missmatch in restart file.
-1- restart_readRestart: Version number missmatch in restart file.
########################################################################

------------------------------------------------------------------------
 * finished run on 2024/05/26 at 19:54:10.778     
------------------------------------------------------------------------
 total:
 * wall-time:     0 d,  0 h,  0 min,  0.069 sec
 *  cpu-time:     0 d,  0 h,  0 min,  1.682 sec
 * ratio c/w:    24.412 speedup
 SCF:
 * wall-time:     0 d,  0 h,  0 min,  0.012 sec
 *  cpu-time:     0 d,  0 h,  0 min,  0.307 sec
 * ratio c/w:    24.930 speedup
 ANC optimizer:
 * wall-time:     0 d,  0 h,  0 min,  0.040 sec
 *  cpu-time:     0 d,  0 h,  0 min,  1.111 sec
 * ratio c/w:    27.931 speedup

