      -----------------------------------------------------------      
     |                   =====================                   |     
     |                           x T B                           |     
     |                   =====================                   |     
     |                         S. Grimme                         |     
     |          Mulliken Center for Theoretical Chemistry        |     
     |                    University of Bonn                     |     
     |               Version 6.1 beta (SAW190227)                |     
      -----------------------------------------------------------      

   This program is distributed in the hope that it will be useful,
   but WITHOUT ANY WARRANTY; without even the implied warranty of
   MERCHANTABILITY or FITNESS FOR A PARTICULAR PURPOSE.
   
   FOR NON-COMMERCIAL, ACADEMIA USE ONLY.
   
   Cite this work as:
   S. Grimme, C. Bannwarth, P. Shushkov, J. Comput. Theory Chem., 2017,
   13, 1989-2009. DOI: 10.1021/acs.jctc.7b00118
   C. Bannwarth, S. Ehlert and S. Grimme., J. Comput. Theory Chem., 2019,
   just accepted. DOI: 10.1021/acs.jctc.8b01176
   
   for sTDA-xTB:
   S. Grimme and C. Bannwarth, J. Chem. Phys., 2016, 145, 054103.
   DOI: 10.1063/1.4959605
   
   in the mass-spec context:
   V. Asgeirsson, C. Bauer and S. Grimme, Chem. Sci., 2017, 8, 4879.
   DOI: 10.1039/c7sc00601b
   
   for metadynamics refer to:
   S. Grimme, ChemRxiv, Preprint. DOI: 10.26434/chemrxiv.7660532.v1
   
   with help from (in alphabetical order)
   C. Bannwarth, F. Bohle, G. Brandenburg, E. Caldeweyher, M. Checinski,
   S. Dohm, S. Ehlert, S. Ehrlich, F. MÃ¤rz, H. Neugebauer, J. Pisarek,
   P. Pracht, P. Shushkov, and S. Spicher.
   
 * started run on 2021/02/10 at 22:41:18.887     

           -------------------------------------------------
          |                Calculation Setup                |
           -------------------------------------------------

program call               : /u/fd/ball4935/opt/xtb_6_1_exe/xtb methane.xyz --opt
hostname                   : aleph.chem.ox.ac.uk
coordinate file            : methane.xyz
omp threads                : 1
number of atoms            : 5
number of electrons        : 8
charge                     : 0
spin                       : .0
first test random number   : .2323


########################################################################
# WARNING! Please study the warnings concerning your input carefully
#  - XTBHOME is not set, using HOME instead
#  - XTBPATH is not set, using XTBHOME instead
########################################################################

           ------------------------------------------------- 
          |                 G F N 2 - x T B                 |
          | Geometry, Frequencies, Noncovalent interactions |
          |            JCTC 2018 parametrisation            |
           ------------------------------------------------- 
             k(s)              :                1.8500
             k(p)              :                2.2300
             k(d)              :                2.2300
             k(f)              :                2.0000
             kEN (H0ij)        :               -2.0000
             D4 a1             :                0.5200
             D4 a2             :                5.0000
             D4 s6             :                1.0000
             D4 s8             :                2.7000
             D4 s9             :                5.0000
             alphaj            :                2.0000

  Z AO/shell   Hii/eV     exponent
  1     Wed Apr 25 08:07:45 CEST 2018   EN: 2.200 GM2: 0.406  GM3: 0.0800  RAES: 1.40
     1s    -10.707211    1.230000
  6     Wed Apr 25 08:07:45 CEST 2018   EN: 2.550 GM2: 0.538  GM3: 0.1500  RAES: 3.00
     2s    -13.970922    2.096432
     2p    -10.063292    1.800000


            Z     q(EN)     CN     RAES       Cart. coordinates
     1  C   4.0   -0.33    3.97    3.57     3.63798    -1.13138    -0.00033
     2  H   1.0    0.08    0.99    1.43     5.72449    -1.13198     0.00029
     3  H   1.0    0.08    0.99    1.43     2.94133     0.22776    -1.42078
     4  H   1.0    0.08    0.99    1.43     2.94176    -0.58112     1.88748
     5  H   1.0    0.08    0.99    1.43     2.94181    -3.04156    -0.46666

           ------------------------------------------------- 
          |        Self-Consistent Charge Iterations        |
           ------------------------------------------------- 
q/qsh data taken from xtbrestart
CAMM data taken from xtbrestart

 Ncao       : 8
 Nao        : 8
 Nshell     : 6
 Nel        : 8
 T(el)      :   300.0
 intcut     :    25.0
 scfconv/Eh :  0.100E-05
   qconv/e  :  0.100E-03
 intneglect :  0.100E-07
 broydamp   :      0.400
 iter      E             dE          RMSdq      gap      omega  full diag
   1     -4.2351886 -0.423519E+01  0.362E-09   16.29       0.0  T
   2     -4.2351886  0.355271E-14  0.200E-09   16.29  100000.0  T
   3     -4.2351886  0.000000E+00  0.266E-10   16.29  100000.0  T
speedup  0.99
cpu  time for SCC    0.00 s
wall time for SCC    0.00 s

   *** convergence criteria satisfied after 3 iterations ***

          eigenvalues
 #    :           1          2          3          4          5          6          7          8
 occ. :        2.000      2.000      2.000      2.000      0.000      0.000      0.000      0.000
 eps  :       -15.732    -12.678    -12.676    -12.676      3.613      5.322      5.324      5.332

SCC energy    :      -4.2351886
rep           :       0.0611408
ES            :       0.0018566
AES           :       0.0027559
AXC           :       0.0041132
disp          :      -0.0006647
XB            :       0.0000000
fix           :       0.0000000
total E       :      -4.1740478
atomizationE  :       0.9772373      613.23
(atE without considering molecular charge,
 total energy contains solvation terms)
H-L gap (eV)  :         16.2890
           ------------------------------------------------- 
          |                 ===============                 |
          |                   A N C O P T                   |
          |                 ===============                 |
          |          Approximate Normal Coordinate          |
          |           Rational Function Optimizer           |
           ------------------------------------------------- 
dumping coords to <xtbopt.coord> and <xtbopt.log>
 optlevel    normal
 Maxcycle             200
 Maxmicro              20
 Econv         5.000000000000000E-006
 Gconv         1.000000000000000E-003
 Maxdispl       1.00000000000000     
 Hlow          1.000000000000000E-002
 S6             20.0000000000000     
 Nvar                9

generating ANC from model Hessian ...
 Shifting diagonal of input Hessian by   0.000000000000000E+000
 Lowest  eigenvalues of input Hessian
   -0.000000   -0.000000    0.000000    0.000000    0.000000    0.000000
    0.093883    0.093891    0.120306    0.120376    0.120473    0.409437
    1.063928    1.064113    1.064729
 Highest eigenvalues
    0.120376    0.120473    0.409437    1.063928    1.064113    1.064729
 
cpu  time for ANC gen    0.00 s
wall time for ANC gen    0.07 s
................................................................................
.............................. CYCLE    1 ......................................
................................................................................
   1     -4.2351886 -0.423519E+01  0.440E-12   16.29       0.0  T
   2     -4.2351886 -0.355271E-14  0.265E-12   16.29  100000.0  T
   3     -4.2351886  0.177636E-14  0.115E-13   16.29  100000.0  T
speedup  1.02
cpu  time for SCC    0.00 s
wall time for SCC    0.00 s
speedup  1.05
cpu  time for grad    0.00 s
wall time for grad    0.00 s
 E :     -4.17404780  G :  0.027866    pred/act E change:  0.000D+00 -0.533D-14
Maxdispl :   0.0677   ||displ|| :   0.0678   Lambda : -0.189D-02
Largest |displ|/coords:  0.0677 (   6)  0.0016 (   5)  0.0009 (   4)
................................................................................
.............................. CYCLE    2 ......................................
................................................................................
   1     -4.2453428 -0.424534E+01  0.125E-01   17.15       0.0  T
   2     -4.2453586 -0.157816E-04  0.519E-02   17.16       1.0  T
   3     -4.2453587 -0.916487E-07  0.249E-02   17.16       1.8  T
   4     -4.2453587 -0.210541E-07  0.136E-03   17.16      32.9  T
   5     -4.2453587 -0.190021E-09  0.133E-04   17.16     335.1  T
speedup  1.03
cpu  time for SCC    0.00 s
wall time for SCC    0.00 s
speedup  0.99
cpu  time for grad    0.00 s
wall time for grad    0.00 s
 E :     -4.17518145  G :  0.005153    pred/act E change:  0.000D+00 -0.113D-02
Maxdispl :   0.0154   ||displ|| :   0.0154   Lambda : -0.791D-04
Largest |displ|/coords:  0.0154 (   6)  0.0001 (   5)  0.0001 (   9)
................................................................................
.............................. CYCLE    3 ......................................
................................................................................
   1     -4.2476163 -0.424762E+01  0.282E-02   17.37       0.0  T
   2     -4.2476170 -0.750432E-06  0.119E-02   17.37       3.7  T
   3     -4.2476170 -0.516501E-08  0.553E-03   17.37       8.1  T
   4     -4.2476170 -0.107436E-08  0.297E-04   17.37     150.6  T
   5     -4.2476170 -0.105729E-10  0.802E-06   17.37    5578.0  T
speedup  1.08
cpu  time for SCC    0.00 s
wall time for SCC    0.00 s
speedup  1.01
cpu  time for grad    0.00 s
wall time for grad    0.00 s
 E :     -4.17521832  G :  0.000380    pred/act E change: -0.948D-03 -0.369D-04
Maxdispl :   0.0011   ||displ|| :   0.0011   Lambda : -0.381D-06
Largest |displ|/coords:  0.0011 (   6)  0.0000 (   5)  0.0000 (   4)
................................................................................
.............................. CYCLE    4 ......................................
................................................................................
   1     -4.2473855 -0.424739E+01  0.290E-03   17.35       0.0  T
   2     -4.2473855 -0.788198E-08  0.124E-03   17.35      36.2  T
   3     -4.2473855 -0.551443E-10  0.570E-04   17.35      78.5  T
   4     -4.2473855 -0.113358E-10  0.308E-05   17.35    1451.2  T
speedup  0.93
cpu  time for SCC    0.00 s
wall time for SCC    0.00 s
speedup  1.02
cpu  time for grad    0.00 s
wall time for grad    0.00 s
 E :     -4.17521847  G :  0.000197    pred/act E change: -0.396D-04 -0.145D-06
Maxdispl :   0.0004   ||displ|| :   0.0004   Lambda : -0.525D-07
Largest |displ|/coords:  0.0004 (   6)  0.0000 (   5)  0.0000 (   4)

   *** GEOMETRY OPTIMIZATION CONVERGED AFTER 4 ITERATIONS ***

------------------------------------------------------------------------
 total energy gain (kcal):     -0.7346
------------------------------------------------------------------------
================
 final structure:
================
$coord
    3.63746460959338   -1.13165722798251    0.00000233068998      C 
    5.68272615225229   -1.13165615374815   -0.00000369858708      H 
    2.95573186096858    0.20142363022521   -1.39327962615989      H 
    2.95572395452365   -0.59156932080745    1.85112626729805      H 
    2.95571846552127   -3.00481505685131   -0.45784527324106      H 
$end
 
 Bond Distances (Angstroems)
 ---------------------------
C1-H2=1.0823         C1-H3=1.0823         C1-H4=1.0823         C1-H5=1.0823         H2-C1=1.0823         H3-C1=1.0823         
H4-C1=1.0823         H5-C1=1.0823         
 C  H  Rav=1.0823 sigma=0.0000  Rmin=1.0823  Rmax=1.0823     4
 
 selected bond angles (degree)
 --------------------
H3-C1-H2=109.47                H4-C1-H2=109.47                H4-C1-H3=109.47                H5-C1-H2=109.47                
H5-C1-H3=109.47                H5-C1-H4=109.47                
 
 selected dihedral angles (degree)
 ---------------------------------


========================================================================
 FINAL SINGLEPOINT CALCULATION ON OPTIMIZED GEOMETRY
========================================================================

 Ncao       : 8
 Nao        : 8
 Nshell     : 6
 Nel        : 8
 T(el)      :   300.0
 intcut     :    25.0
 scfconv/Eh :  0.100E-05
   qconv/e  :  0.100E-03
 intneglect :  0.100E-07
 broydamp   :      0.400
 iter      E             dE          RMSdq      gap      omega  full diag
   1     -4.2473855 -0.424739E+01  0.215E-06   17.35       0.0  T
   2     -4.2473855  0.888178E-15  0.120E-06   17.35   37128.8  T
   3     -4.2473855  0.266454E-14  0.158E-07   17.35  100000.0  T
speedup  1.02
cpu  time for SCC    0.00 s
wall time for SCC    0.00 s

   *** convergence criteria satisfied after 3 iterations ***

          eigenvalues
 #    :           1          2          3          4          5          6          7          8
 occ. :        2.000      2.000      2.000      2.000      0.000      0.000      0.000      0.000
 eps  :       -15.832    -12.720    -12.720    -12.720      4.626      6.232      6.232      6.232

SCC energy    :      -4.2473855
rep           :       0.0721671
ES            :       0.0020344
AES           :       0.0023244
AXC           :       0.0035886
disp          :      -0.0006610
XB            :       0.0000000
fix           :       0.0000000
total E       :      -4.1752185
atomizationE  :       0.9784079      613.96
(atE without considering molecular charge,
 total energy contains solvation terms)
H-L gap (eV)  :         17.3458
           -------------------------------------------------
          |                Property Printout                |
           -------------------------------------------------

   #   Z        covCN         q      C6AA      Î±(0)
   1   6 C      3.702    -0.156    23.686     6.959
   2   1 H      0.925     0.039     2.463     2.454
   3   1 H      0.925     0.039     2.463     2.454
   4   1 H      0.925     0.039     2.463     2.454
   5   1 H      0.925     0.039     2.463     2.454

 Mol. C6AA /auÂ·bohrâ¶  :        123.838200
 Mol. C8AA /auÂ·bohrâ¸  :       2297.173500
 Mol. Î±(0) /au        :         16.776906


Wiberg/Mayer (AO) data.
largest (>0.10) Wiberg bond orders for each atom
          total WBO             WBO to atom ...
     1  C   3.994        H    4 0.998    H    5 0.998    H    3 0.998    H    2 0.998
     2  H   0.998        C    1 0.998
     3  H   0.998        C    1 0.998
     4  H   0.998        C    1 0.998
     5  H   0.998        C    1 0.998
 
molecular dipole:
                 x           y           z       tot (Debye)
 q only:        0.000       0.000      -0.000
   full:        0.000       0.000      -0.000       0.000
molecular quadrupole (traceless):
                xx          xy          yy          xz          yz          zz
 q only:       -0.000       0.000       0.000      -0.000       0.000       0.000
  q+dip:       -0.000       0.000       0.000      -0.000       0.000       0.000
   full:        0.000       0.000      -0.000      -0.000       0.000      -0.000

           -------------------------------------------------
          |                Geometry Summary                 |
           -------------------------------------------------

 * 4 selected distances

     #   Z        #   Z                                     value/Ã
     1   6 C      2   1 H                                 1.0823059 (min)
     1   6 C      3   1 H                                 1.0823064
     1   6 C      4   1 H                                 1.0823098 (max)
     1   6 C      5   1 H                                 1.0823095

 * 1 distinct bonds (by element types)

   Z      Z             #   av. dist./Ã        max./Ã        min./Ã
   1 H    6 C           4     1.0823079     1.0823098     1.0823059


optimized geometry written to: xtbopt.xyz


------------------------------------------------------------------------
 * finished run on 2021/02/10 at 22:41:19.003     
------------------------------------------------------------------------
 total:
 * wall-time:     0 d,  0 h,  0 min,  0.115 sec
 *  cpu-time:     0 d,  0 h,  0 min,  0.039 sec
 * ratio c/w:     0.344 speedup
 SCF:
 * wall-time:     0 d,  0 h,  0 min,  0.005 sec
 *  cpu-time:     0 d,  0 h,  0 min,  0.005 sec
 * ratio c/w:     0.992 speedup
 ANC optimizer:
 * wall-time:     0 d,  0 h,  0 min,  0.087 sec
 *  cpu-time:     0 d,  0 h,  0 min,  0.013 sec
 * ratio c/w:     0.151 speedup

