
                                 *****************
                                 * O   R   C   A *
                                 *****************

           --- An Ab Initio, DFT and Semiempirical electronic structure package ---

                  #######################################################
                  #                        -***-                        #
                  #          Department of theory and spectroscopy      #
                  #               Directorship: Frank Neese             #
                  #        Max Planck Institute fuer Kohlenforschung    #
                  #                Kaiser Wilhelm Platz 1               #
                  #                 D-45470 Muelheim/Ruhr               #
                  #                      Germany                        #
                  #                                                     #
                  #                  All rights reserved                #
                  #                        -***-                        #
                  #######################################################


                         Program Version 4.2.1 -  RELEASE  -


 With contributions from (in alphabetic order):
   Daniel Aravena         : Magnetic Suceptibility
   Michael Atanasov       : Ab Initio Ligand Field Theory (pilot matlab implementation)
   Alexander A. Auer      : GIAO ZORA, VPT2
   Ute Becker             : Parallelization
   Giovanni Bistoni       : ED, misc. LED, open-shell LED, HFLD
   Martin Brehm           : Molecular dynamics
   Dmytro Bykov           : SCF Hessian
   Vijay G. Chilkuri      : MRCI spin determinant printing, contributions to CSF-ICE
   Dipayan Datta          : RHF DLPNO-CCSD density
   Achintya Kumar Dutta   : EOM-CC, STEOM-CC
   Dmitry Ganyushin       : Spin-Orbit,Spin-Spin,Magnetic field MRCI
   Miquel Garcia          : C-PCM Hessian, Gaussian charge scheme
   Yang Guo               : DLPNO-NEVPT2, CIM, IAO-localization
   Andreas Hansen         : Spin unrestricted coupled pair/coupled cluster methods
   Benjamin Helmich-Paris : CASSCF linear response (MC-RPA)
   Lee Huntington         : MR-EOM, pCC
   Robert Izsak           : Overlap fitted RIJCOSX, COSX-SCS-MP3, EOM
   Christian Kollmar      : KDIIS, OOCD, Brueckner-CCSD(T), CCSD density
   Simone Kossmann        : Meta GGA functionals, TD-DFT gradient, OOMP2, MP2 Hessian
   Martin Krupicka        : AUTO-CI
   Lucas Lang             : DCDCAS
   Dagmar Lenk            : GEPOL surface, SMD
   Dimitrios Liakos       : Extrapolation schemes; Compound Job, initial MDCI parallelization
   Dimitrios Manganas     : Further ROCIS development; embedding schemes
   Dimitrios Pantazis     : SARC Basis sets
   Taras Petrenko         : DFT Hessian,TD-DFT gradient, ASA, ECA, R-Raman, ABS, FL, XAS/XES, NRVS
   Peter Pinski           : DLPNO-MP2, DLPNO-MP2 Gradient
   Christoph Reimann      : Effective Core Potentials
   Marius Retegan         : Local ZFS, SOC
   Christoph Riplinger    : Optimizer, TS searches, QM/MM, DLPNO-CCSD(T), (RO)-DLPNO pert. Triples
   Tobias Risthaus        : Range-separated hybrids, TD-DFT gradient, RPA, STAB
   Michael Roemelt        : Original ROCIS implementation
   Masaaki Saitow         : Open-shell DLPNO-CCSD energy and density
   Barbara Sandhoefer     : DKH picture change effects
   Avijit Sen             : IP-ROCIS
   Kantharuban Sivalingam : CASSCF convergence, NEVPT2, FIC-MRCI
   Bernardo de Souza      : ESD, SOC TD-DFT
   Georgi Stoychev        : AutoAux, RI-MP2 NMR
   Willem Van den Heuvel  : Paramagnetic NMR
   Boris Wezisla          : Elementary symmetry handling
   Frank Wennmohs         : Technical directorship


 We gratefully acknowledge several colleagues who have allowed us to
 interface, adapt or use parts of their codes:
   Stefan Grimme, W. Hujo, H. Kruse,             : VdW corrections, initial TS optimization,
                  C. Bannwarth                     DFT functionals, gCP, sTDA/sTD-DF
   Ed Valeev, F. Pavosevic, A. Kumar             : LibInt (2-el integral package), F12 methods
   Garnet Chan, S. Sharma, J. Yang, R. Olivares  : DMRG
   Ulf Ekstrom                                   : XCFun DFT Library
   Mihaly Kallay                                 : mrcc  (arbitrary order and MRCC methods)
   Andreas Klamt, Michael Diedenhofen            : otool_cosmo (COSMO solvation model)
   Jiri Pittner, Ondrej Demel                    : Mk-CCSD
   Frank Weinhold                                : gennbo (NPA and NBO analysis)
   Christopher J. Cramer and Donald G. Truhlar   : smd solvation model
   Lars Goerigk                                  : TD-DFT with DH, B97 family of functionals
   V. Asgeirsson, H. Jonsson                     : NEB implementation
   FAccTs GmbH                                   : IRC, NEB, NEB-TS, Multilevel, MM, QM/MM, CI optimization
   S Lehtola, MJT Oliveira, MAL Marques          : LibXC Library


 Your calculation uses the libint2 library for the computation of 2-el integrals
 For citations please refer to: http://libint.valeyev.net

 Your ORCA version has been built with support for libXC version: 4.2.3
 For citations please refer to: https://tddft.org/programs/libxc/

 This ORCA versions uses:
   CBLAS   interface :  Fast vector & matrix operations
   LAPACKE interface :  Fast linear algebra routines
   SCALAPACK package :  Parallel linear algebra routines


Your calculation utilizes the atom-pairwise dispersion correction
with the Becke-Johnson damping scheme (D3BJ)
Cite in your paper:
S.Grimme, S.Ehrlich, L.Goerigk, J Comput Chem, (2011), 32, 1456â€“1465 
S.Grimme, J.Antony, S.Ehrlich and H.Krieg, J.Chem.Phys., 132, (2010), 154104 
   

----- Orbital basis set information -----
Your calculation utilizes the basis: def2-SVP
   F. Weigend and R. Ahlrichs, Phys. Chem. Chem. Phys. 7, 3297 (2005).

----- AuxJ basis set information -----
Your calculation utilizes the AutoAux generation procedure.
  G. L. Stoychev, A. A. Auer, F. Neese, J. Chem. Theory Comput. 13, 554 (2017)

----- AuxC basis set information -----
Your calculation utilizes the AutoAux generation procedure.
  G. L. Stoychev, A. A. Auer, F. Neese, J. Chem. Theory Comput. 13, 554 (2017)

----- AuxJK basis set information -----
Your calculation utilizes the AutoAux generation procedure.
  G. L. Stoychev, A. A. Auer, F. Neese, J. Chem. Theory Comput. 13, 554 (2017)

================================================================================
                                        WARNINGS
                       Please study these warnings very carefully!
================================================================================


INFO   : the flag for use of LIBINT has been found!

================================================================================
                                       INPUT FILE
================================================================================
NAME = h2_disp_orca.inp
|  1> ! EnGrad PBE0 RIJCOSX D3BJ def2-SVP AutoAux
|  2> %geom MaxIter 100 end
|  3> %output 
|  4> xyzfile=True 
|  5> end 
|  6> %scf 
|  7> maxiter 250 
|  8> end
|  9> %output
| 10> Print[P_Hirshfeld] = 1
| 11> end
| 12> % maxcore
| 13> 4000
| 14> *xyz 0 1
| 15> H    0.00000000   0.00000000   0.00000000 
| 16> H    1.00000001   0.00000000   0.00000000 
| 17> *
| 18> 
| 19>                          ****END OF INPUT****
================================================================================

                     *******************************
                     * Energy+Gradient Calculation *
                     *******************************

---------------------------------
CARTESIAN COORDINATES (ANGSTROEM)
---------------------------------
  H      0.000000    0.000000    0.000000
  H      1.000000    0.000000    0.000000

----------------------------
CARTESIAN COORDINATES (A.U.)
----------------------------
  NO LB      ZA    FRAG     MASS         X           Y           Z
   0 H     1.0000    0     1.008    0.000000    0.000000    0.000000
   1 H     1.0000    0     1.008    1.889726    0.000000    0.000000

--------------------------------
INTERNAL COORDINATES (ANGSTROEM)
--------------------------------
 H      0   0   0     0.000000000000     0.00000000     0.00000000
 H      1   0   0     1.000000010000     0.00000000     0.00000000

---------------------------
INTERNAL COORDINATES (A.U.)
---------------------------
 H      0   0   0     0.000000000000     0.00000000     0.00000000
 H      1   0   0     1.889726152819     0.00000000     0.00000000

---------------------
BASIS SET INFORMATION
---------------------
There are 1 groups of distinct atoms

 Group   1 Type H   : 4s1p contracted to 2s1p pattern {31/1}

Atom   0H    basis set group =>   1
Atom   1H    basis set group =>   1
---------------------------------
AUXILIARY/J BASIS SET INFORMATION
---------------------------------
There are 1 groups of distinct atoms

 Group   1 Type H   : 9s2p1d contracted to 9s2p1d pattern {111111111/11/1}

Atom   0H    basis set group =>   1
Atom   1H    basis set group =>   1
---------------------------------
AUXILIARY/C BASIS SET INFORMATION
---------------------------------
There are 1 groups of distinct atoms

 Group   1 Type H   : 9s2p1d contracted to 9s2p1d pattern {111111111/11/1}

Atom   0H    basis set group =>   1
Atom   1H    basis set group =>   1
----------------------------------
AUXILIARY/JK BASIS SET INFORMATION
----------------------------------
There are 1 groups of distinct atoms

 Group   1 Type H   : 9s2p1d contracted to 9s2p1d pattern {111111111/11/1}

Atom   0H    basis set group =>   1
Atom   1H    basis set group =>   1
------------------------------------------------------------------------------
                           ORCA GTO INTEGRAL CALCULATION
                           -- RI-GTO INTEGRALS CHOSEN --
------------------------------------------------------------------------------

                         BASIS SET STATISTICS AND STARTUP INFO

Gaussian basis set:
 # of primitive gaussian shells          ...   10
 # of primitive gaussian functions       ...   14
 # of contracted shells                  ...    6
 # of contracted basis functions         ...   10
 Highest angular momentum                ...    1
 Maximum contraction depth               ...    3
Auxiliary gaussian basis set:
 # of primitive gaussian shells          ...   24
 # of primitive gaussian functions       ...   40
 # of contracted shells                  ...   24
 # of contracted aux-basis functions     ...   40
 Highest angular momentum                ...    2
 Maximum contraction depth               ...    1
Ratio of auxiliary to basis functions    ...  4.00
Integral package used                  ... LIBINT
 One Electron integrals                  ... done
 Ordering auxiliary basis shells         ... done
 Integral threshhold             Thresh  ...  2.500e-11
 Primitive cut-off               TCut    ...  2.500e-12
 Pre-screening matrix                    ... done
 Shell pair data                         ... 
 Ordering of the shell pairs             ... done (   0.000 sec) 21 of 21 pairs
 Determination of significant pairs      ... done (   0.000 sec)
 Creation of shell pair data             ... done (   0.000 sec)
 Storage of shell pair data              ... done (   0.000 sec)
 Shell pair data done in (   0.000 sec)
 Computing two index integrals           ... done
 Cholesky decomposition of the V-matrix  ... done


Timings:
 Total evaluation time                   ...   0.067 sec (  0.001 min)
 One electron matrix time                ...   0.002 sec (  0.000 min) =  3.7%
 Schwartz matrix evaluation time         ...   0.056 sec (  0.001 min) = 83.7%
 Two index repulsion integral time       ...   0.000 sec (  0.000 min) =  0.2%
 Cholesky decomposition of V             ...   0.000 sec (  0.000 min) =  0.4%
 Three index repulsion integral time     ...   0.000 sec (  0.000 min) =  0.0%

-------------------------------------------------------------------------------
                                 ORCA SCF
-------------------------------------------------------------------------------

------------
SCF SETTINGS
------------
Hamiltonian:
 Density Functional     Method          .... DFT(GTOs)
 Exchange Functional    Exchange        .... PBE
   PBE kappa parameter   XKappa         ....  0.804000
   PBE mue parameter    XMuePBE         ....  0.219520
 Correlation Functional Correlation     .... PBE
   PBE beta parameter  CBetaPBE         ....  0.066725
 LDA part of GGA corr.  LDAOpt          .... PW91-LDA
 Gradients option       PostSCFGGA      .... off
 Hybrid DFT is turned on
   Fraction HF Exchange ScalHFX         ....  0.250000
   Scaling of DF-GGA-X  ScalDFX         ....  0.750000
   Scaling of DF-GGA-C  ScalDFC         ....  1.000000
   Scaling of DF-LDA-C  ScalLDAC        ....  1.000000
   Perturbative correction              ....  0.000000
   Density functional embedding theory  .... OFF
   NL short-range parameter             ....  6.900000
 RI-approximation to the Coulomb term is turned on
   Number of auxiliary basis functions  .... 40
   RIJ-COSX (HFX calculated with COS-X)).... on


General Settings:
 Integral files         IntName         .... h2_disp_orca
 Hartree-Fock type      HFTyp           .... RHF
 Total Charge           Charge          ....    0
 Multiplicity           Mult            ....    1
 Number of Electrons    NEL             ....    2
 Basis Dimension        Dim             ....   10
 Nuclear Repulsion      ENuc            ....      0.5291772030 Eh

Convergence Acceleration:
 DIIS                   CNVDIIS         .... on
   Start iteration      DIISMaxIt       ....    12
   Startup error        DIISStart       ....  0.200000
   # of expansion vecs  DIISMaxEq       ....     5
   Bias factor          DIISBfac        ....   1.050
   Max. coefficient     DIISMaxC        ....  10.000
 Newton-Raphson         CNVNR           .... off
 SOSCF                  CNVSOSCF        .... on
   Start iteration      SOSCFMaxIt      ....   150
   Startup grad/error   SOSCFStart      ....  0.003300
 Level Shifting         CNVShift        .... on
   Level shift para.    LevelShift      ....    0.2500
   Turn off err/grad.   ShiftErr        ....    0.0010
 Zerner damping         CNVZerner       .... off
 Static damping         CNVDamp         .... on
   Fraction old density DampFac         ....    0.7000
   Max. Damping (<1)    DampMax         ....    0.9800
   Min. Damping (>=0)   DampMin         ....    0.0000
   Turn off err/grad.   DampErr         ....    0.1000
 Fernandez-Rico         CNVRico         .... off

SCF Procedure:
 Maximum # iterations   MaxIter         ....   250
 SCF integral mode      SCFMode         .... Direct
   Integral package                     .... LIBINT
 Reset frequency        DirectResetFreq ....    20
 Integral Threshold     Thresh          ....  2.500e-11 Eh
 Primitive CutOff       TCut            ....  2.500e-12 Eh

Convergence Tolerance:
 Convergence Check Mode ConvCheckMode   .... Total+1el-Energy
 Convergence forced     ConvForced      .... 0
 Energy Change          TolE            ....  1.000e-08 Eh
 1-El. energy change                    ....  1.000e-05 Eh
 Orbital Gradient       TolG            ....  1.000e-05
 Orbital Rotation angle TolX            ....  1.000e-05
 DIIS Error             TolErr          ....  5.000e-07


Diagonalization of the overlap matrix:
Smallest eigenvalue                        ... 1.144e-01
Time for diagonalization                   ...    0.000 sec
Threshold for overlap eigenvalues          ... 1.000e-08
Number of eigenvalues below threshold      ... 0
Time for construction of square roots      ...    0.000 sec
Total time needed                          ...    0.000 sec

-------------------
DFT GRID GENERATION
-------------------

General Integration Accuracy     IntAcc      ...  4.340
Radial Grid Type                 RadialGrid  ... Gauss-Chebyshev
Angular Grid (max. acc.)         AngularGrid ... Lebedev-110
Angular grid pruning method      GridPruning ... 3 (G Style)
Weight generation scheme         WeightScheme... Becke
Basis function cutoff            BFCut       ...    1.0000e-11
Integration weight cutoff        WCut        ...    1.0000e-14
Grids for H and He will be reduced by one unit

# of grid points (after initial pruning)     ...   1588 (   0.0 sec)
# of grid points (after weights+screening)   ...   1566 (   0.0 sec)
nearest neighbour list constructed           ...    0.0 sec
Grid point re-assignment to atoms done       ...    0.0 sec
Grid point division into batches done        ...    0.0 sec
Reduced shell lists constructed in    0.0 sec

Total number of grid points                  ...     1566
Total number of batches                      ...       26
Average number of points per batch           ...       60
Average number of grid points per atom       ...      783
Average number of shells per batch           ...     5.78 (96.30%)
Average number of basis functions per batch  ...     9.63 (96.30%)
Average number of large shells per batch     ...     5.74 (99.36%)
Average number of large basis fcns per batch ...     9.52 (98.85%)
Maximum spatial batch extension              ...  15.26, 21.59, 21.59 au
Average spatial batch extension              ...   5.01,  8.34,  8.47 au

Time for grid setup =    0.002 sec

------------------------------
INITIAL GUESS: MODEL POTENTIAL
------------------------------
Loading Hartree-Fock densities                     ... done
Calculating cut-offs                               ... done
Setting up the integral package                    ... done
Initializing the effective Hamiltonian             ... done
Starting the Coulomb interaction                   ... done (   0.0 sec)
Reading the grid                                   ... done
Mapping shells                                     ... done
Starting the XC term evaluation                    ... done (   0.0 sec)
  promolecular density results
     # of electrons  =      1.995342477
     EX              =     -0.539655112
     EC              =     -0.039204154
     EX+EC           =     -0.578859265
Transforming the Hamiltonian                       ... done (   0.0 sec)
Diagonalizing the Hamiltonian                      ... done (   0.0 sec)
Back transforming the eigenvectors                 ... done (   0.0 sec)
Now organizing SCF variables                       ... done
                      ------------------
                      INITIAL GUESS DONE (   0.1 sec)
                      ------------------
--------------------
COSX GRID GENERATION
--------------------

General Integration Accuracy     IntAcc      ...  3.340
Radial Grid Type                 RadialGrid  ... Gauss-Chebyshev
Angular Grid (max. acc.)         AngularGrid ... Lebedev-50
Angular grid pruning method      GridPruning ... 3 (G Style)
Weight generation scheme         WeightScheme... Becke
Basis function cutoff            BFCut       ...    1.0000e-11
Integration weight cutoff        WCut        ...    1.0000e-14
Grids for H and He will be reduced by one unit

# of grid points (after initial pruning)     ...    640 (   0.0 sec)
# of grid points (after weights+screening)   ...    630 (   0.0 sec)
nearest neighbour list constructed           ...    0.0 sec
Grid point re-assignment to atoms done       ...    0.0 sec
Grid point division into batches done        ...    0.0 sec
Reduced shell lists constructed in    0.0 sec

Total number of grid points                  ...      630
Total number of batches                      ...       10
Average number of points per batch           ...       63
Average number of grid points per atom       ...      315
Average number of shells per batch           ...     5.45 (90.91%)
Average number of basis functions per batch  ...     9.09 (90.91%)
Average number of large shells per batch     ...     5.45 (100.00%)
Average number of large basis fcns per batch ...     9.09 (100.00%)
Maximum spatial batch extension              ...  12.35, 16.21, 16.21 au
Average spatial batch extension              ...   6.83, 10.49, 11.55 au

Overlap Fitting                  UseSFitting ... on
Constructing numerical overlap ... done (      0.0 sec)
Inverting numerical overlap    ... done (      0.0 sec)
Obtaining analytic overlap     ... done (      0.0 sec)
Final contraction and storage  ... done (      0.0 sec)


General Integration Accuracy     IntAcc      ...  3.670
Radial Grid Type                 RadialGrid  ... Gauss-Chebyshev
Angular Grid (max. acc.)         AngularGrid ... Lebedev-50
Angular grid pruning method      GridPruning ... 3 (G Style)
Weight generation scheme         WeightScheme... Becke
Basis function cutoff            BFCut       ...    1.0000e-11
Integration weight cutoff        WCut        ...    1.0000e-14
Grids for H and He will be reduced by one unit

# of grid points (after initial pruning)     ...    872 (   0.0 sec)
# of grid points (after weights+screening)   ...    858 (   0.0 sec)
nearest neighbour list constructed           ...    0.0 sec
Grid point re-assignment to atoms done       ...    0.0 sec
Grid point division into batches done        ...    0.0 sec
Reduced shell lists constructed in    0.0 sec

Total number of grid points                  ...      858
Total number of batches                      ...       14
Average number of points per batch           ...       61
Average number of grid points per atom       ...      429
Average number of shells per batch           ...     5.60 (93.33%)
Average number of basis functions per batch  ...     9.33 (93.33%)
Average number of large shells per batch     ...     5.60 (100.00%)
Average number of large basis fcns per batch ...     9.33 (100.00%)
Maximum spatial batch extension              ...  13.64, 18.42, 18.42 au
Average spatial batch extension              ...   5.83,  9.20, 10.32 au

Overlap Fitting                  UseSFitting ... on
Constructing numerical overlap ... done (      0.0 sec)
Inverting numerical overlap    ... done (      0.0 sec)
Obtaining analytic overlap     ... done (      0.0 sec)
Final contraction and storage  ... done (      0.0 sec)


General Integration Accuracy     IntAcc      ...  4.010
Radial Grid Type                 RadialGrid  ... Gauss-Chebyshev
Angular Grid (max. acc.)         AngularGrid ... Lebedev-110
Angular grid pruning method      GridPruning ... 3 (G Style)
Weight generation scheme         WeightScheme... Becke
Basis function cutoff            BFCut       ...    1.0000e-11
Integration weight cutoff        WCut        ...    1.0000e-14
Grids for H and He will be reduced by one unit

# of grid points (after initial pruning)     ...   1336 (   0.0 sec)
# of grid points (after weights+screening)   ...   1318 (   0.0 sec)
nearest neighbour list constructed           ...    0.0 sec
Grid point re-assignment to atoms done       ...    0.0 sec
Grid point division into batches done        ...    0.0 sec
Reduced shell lists constructed in    0.0 sec

Total number of grid points                  ...     1318
Total number of batches                      ...       22
Average number of points per batch           ...       59
Average number of grid points per atom       ...      659
Average number of shells per batch           ...     5.74 (95.65%)
Average number of basis functions per batch  ...     9.57 (95.65%)
Average number of large shells per batch     ...     5.70 (99.24%)
Average number of large basis fcns per batch ...     9.43 (98.64%)
Maximum spatial batch extension              ...  14.25, 20.15, 20.15 au
Average spatial batch extension              ...   5.09,  8.98,  8.95 au

Overlap Fitting                  UseSFitting ... on
Constructing numerical overlap ... done (      0.0 sec)
Inverting numerical overlap    ... done (      0.0 sec)
Obtaining analytic overlap     ... done (      0.0 sec)
Final contraction and storage  ... done (      0.0 sec)

Time for X-Grid setup             =    0.059 sec
--------------
SCF ITERATIONS
--------------
ITER       Energy         Delta-E        Max-DP      RMS-DP      [F,P]     Damp
               ***  Starting incremental Fock matrix formation  ***
  0     -1.1377753902   0.000000000000 0.00846497  0.00162263  0.0256862 0.7000
  1     -1.1382145875  -0.000439197293 0.00780395  0.00149493  0.0193107 0.7000
                               ***Turning on DIIS***
  2     -1.1385295480  -0.000314960443 0.01921872  0.00367664  0.0134358 0.0000
                      *** Initiating the SOSCF procedure ***
                           *** Shutting down DIIS ***
                      *** Re-Reading the Fockian *** 
                      *** Removing any level shift *** 
ITER      Energy       Delta-E        Grad      Rot      Max-DP    RMS-DP
  3     -1.13920859  -0.0006790416  0.000974  0.000974  0.000782  0.000167
               *** Restarting incremental Fock matrix formation ***
  4     -1.13921245  -0.0000038579  0.000274  0.000346  0.000354  0.000071
  5     -1.13921272  -0.0000002760  0.000033  0.000037  0.000040  0.000008
                 **** Energy Check signals convergence ****
              ***Rediagonalizing the Fockian in SOSCF/NRSCF***

               *****************************************************
               *                     SUCCESS                       *
               *           SCF CONVERGED AFTER   6 CYCLES          *
               *****************************************************

Setting up the final grid:

General Integration Accuracy     IntAcc      ...  4.670
Radial Grid Type                 RadialGrid  ... Gauss-Chebyshev
Angular Grid (max. acc.)         AngularGrid ... Lebedev-302
Angular grid pruning method      GridPruning ... 3 (G Style)
Weight generation scheme         WeightScheme... Becke
Basis function cutoff            BFCut       ...    1.0000e-11
Integration weight cutoff        WCut        ...    1.0000e-14
Grids for H and He will be reduced by one unit

# of grid points (after initial pruning)     ...   6788 (   0.0 sec)
# of grid points (after weights+screening)   ...   6762 (   0.0 sec)
nearest neighbour list constructed           ...    0.0 sec
Grid point re-assignment to atoms done       ...    0.0 sec
Grid point division into batches done        ...    0.0 sec
Reduced shell lists constructed in    0.0 sec

Total number of grid points                  ...     6762
Total number of batches                      ...      106
Average number of points per batch           ...       63
Average number of grid points per atom       ...     3381
Average number of shells per batch           ...     5.62 (93.61%)
Average number of basis functions per batch  ...     9.13 (91.31%)
Average number of large shells per batch     ...     5.35 (95.17%)
Average number of large basis fcns per batch ...     8.58 (93.96%)
Maximum spatial batch extension              ...  13.36, 15.43, 15.43 au
Average spatial batch extension              ...   3.44,  3.75,  3.68 au

Final grid set up in    0.0 sec
Final integration                            ... done (   0.0 sec)
Change in XC energy                          ...    -0.000398483
Integrated number of electrons               ...     2.000001506
Previous integrated no of electrons          ...     1.996234108
Old exchange energy                            =     -0.145753548 Eh
New exchange energy                            =     -0.145835530 Eh
Exchange energy change after final integration =     -0.000081982 Eh
Total energy after final integration           =     -1.139693185 Eh
Final COS-X integration done in                =     0.021 sec

----------------
TOTAL SCF ENERGY
----------------

Total Energy       :           -1.13969318 Eh             -31.01263 eV

Components:
Nuclear Repulsion  :            0.52917720 Eh              14.39964 eV
Electronic Energy  :           -1.66887039 Eh             -45.41227 eV
One Electron Energy:           -2.21228220 Eh             -60.19926 eV
Two Electron Energy:            0.54341181 Eh              14.78699 eV

Virial components:
Potential Energy   :           -2.07246169 Eh             -56.39455 eV
Kinetic Energy     :            0.93276850 Eh              25.38192 eV
Virial Ratio       :            2.22183927


DFT components:
N(Alpha)           :        1.000000752892 electrons
N(Beta)            :        1.000000752892 electrons
N(Total)           :        2.000001505783 electrons
E(X)               :       -0.435045520345 Eh       
E(C)               :       -0.042677434264 Eh       
E(XC)              :       -0.477722954609 Eh       
DFET-embed. en.    :        0.000000000000 Eh       

---------------
SCF CONVERGENCE
---------------

  Last Energy change         ...    3.7410e-09  Tolerance :   1.0000e-08
  Last MAX-Density change    ...    0.0000e+00  Tolerance :   1.0000e-07
  Last RMS-Density change    ...    0.0000e+00  Tolerance :   5.0000e-09
  Last Orbital Gradient      ...    2.4174e-07  Tolerance :   1.0000e-05
  Last Orbital Rotation      ...    1.2653e-07  Tolerance :   1.0000e-05

             **** THE GBW FILE WAS UPDATED (h2_disp_orca.gbw) ****
             **** DENSITY FILE WAS UPDATED (h2_disp_orca.scfp) ****
             **** ENERGY FILE WAS UPDATED (h2_disp_orca.en.tmp) ****
             **** THE GBW FILE WAS UPDATED (h2_disp_orca.gbw) ****
             **** DENSITY FILE WAS UPDATED (h2_disp_orca.scfp) ****
----------------
ORBITAL ENERGIES
----------------

  NO   OCC          E(Eh)            E(eV) 
   0   2.0000      -0.392106       -10.6698 
   1   0.0000       0.026580         0.7233 
   2   0.0000       0.401029        10.9125 
   3   0.0000       0.608989        16.5714 
   4   0.0000       1.191103        32.4116 
   5   0.0000       1.191103        32.4116 
   6   0.0000       1.527087        41.5542 
   7   0.0000       1.773789        48.2673 
   8   0.0000       1.773789        48.2673 
   9   0.0000       2.662910        72.4615 

                    ********************************
                    * MULLIKEN POPULATION ANALYSIS *
                    ********************************

-----------------------
MULLIKEN ATOMIC CHARGES
-----------------------
   0 H :   -0.000000
   1 H :    0.000000
Sum of atomic charges:   -0.0000000

--------------------------------
MULLIKEN REDUCED ORBITAL CHARGES
--------------------------------
  0 H s       :     0.993398  s :     0.993398
      pz      :     0.000000  p :     0.006602
      px      :     0.006602
      py      :     0.000000
  1 H s       :     0.993398  s :     0.993398
      pz      :     0.000000  p :     0.006602
      px      :     0.006602
      py      :     0.000000


                     *******************************
                     * LOEWDIN POPULATION ANALYSIS *
                     *******************************

----------------------
LOEWDIN ATOMIC CHARGES
----------------------
   0 H :   -0.000000
   1 H :    0.000000

-------------------------------
LOEWDIN REDUCED ORBITAL CHARGES
-------------------------------
  0 H s       :     0.983038  s :     0.983038
      pz      :     0.000000  p :     0.016962
      px      :     0.016962
      py      :     0.000000
  1 H s       :     0.983038  s :     0.983038
      pz      :     0.000000  p :     0.016962
      px      :     0.016962
      py      :     0.000000


                      *****************************
                      * MAYER POPULATION ANALYSIS *
                      *****************************

  NA   - Mulliken gross atomic population
  ZA   - Total nuclear charge
  QA   - Mulliken gross atomic charge
  VA   - Mayer's total valence
  BVA  - Mayer's bonded valence
  FA   - Mayer's free valence

  ATOM       NA         ZA         QA         VA         BVA        FA
  0 H      1.0000     1.0000    -0.0000     1.0000     1.0000     0.0000
  1 H      1.0000     1.0000     0.0000     1.0000     1.0000    -0.0000

  Mayer bond orders larger than 0.100000
B(  0-H ,  1-H ) :   1.0000 


------------------
HIRSHFELD ANALYSIS
------------------

Total integrated alpha density =      0.998117054
Total integrated beta density  =      0.998117054

  ATOM     CHARGE      SPIN    
   0 H    0.001883    0.000000
   1 H    0.001883    0.000000

  TOTAL   0.003766    0.000000

-------
TIMINGS
-------

Total SCF time: 0 days 0 hours 0 min 0 sec 

Total time                  ....       0.737 sec
Sum of individual times     ....       0.688 sec  ( 93.3%)

Fock matrix formation       ....       0.551 sec  ( 74.8%)
  Split-RI-J                ....       0.369 sec  ( 67.0% of F)
  Chain of spheres X        ....       0.159 sec  ( 28.9% of F)
  COS-X 1 center corr.      ....       0.000 sec  (  0.0% of F)
  XC integration            ....       0.020 sec  (  3.6% of F)
    Basis function eval.    ....       0.005 sec  ( 26.1% of XC)
    Density eval.           ....       0.003 sec  ( 13.4% of XC)
    XC-Functional eval.     ....       0.008 sec  ( 43.2% of XC)
    XC-Potential eval.      ....       0.001 sec  (  5.1% of XC)
Diagonalization             ....       0.000 sec  (  0.0%)
Density matrix formation    ....       0.000 sec  (  0.0%)
Population analysis         ....       0.001 sec  (  0.2%)
Initial guess               ....       0.057 sec  (  7.8%)
Orbital Transformation      ....       0.000 sec  (  0.0%)
Orbital Orthonormalization  ....       0.000 sec  (  0.0%)
DIIS solution               ....       0.000 sec  (  0.0%)
SOSCF solution              ....       0.000 sec  (  0.0%)
Grid generation             ....       0.078 sec  ( 10.6%)


-------------------------------------------------------------------------------
                          DFT DISPERSION CORRECTION                            
                                                                               
                              DFTD3 V3.1  Rev 1                                
                          USING Becke-Johnson damping                          
-------------------------------------------------------------------------------
The PBE0 functional is recognized
Active option DFTDOPT                   ...         4   

molecular C6(AA) [au] = 28.931678 


            DFT-D V3
 parameters
 s6 scaling factor         :     1.0000 
 a1 scaling factor         :     0.4145 
 s8 scaling factor         :     1.2177 
 a2 scaling factor         :     4.8593 
 ad hoc parameters k1-k3   :    16.0000     1.3333    -4.0000 

 Edisp/kcal,au: -0.099414266623  -0.000158426701 
 E6   /kcal   :  -0.072508685 
 E8   /kcal   :  -0.026905581 
 % E8         :  27.064104674 

-------------------------   ----------------
Dispersion correction           -0.000158427
-------------------------   ----------------


-------------------------   --------------------
FINAL SINGLE POINT ENERGY        -1.139851611666
-------------------------   --------------------

------------------------------------------------------------------------------
                         ORCA SCF GRADIENT CALCULATION
------------------------------------------------------------------------------

Gradient of the Kohn-Sham DFT energy:
Kohn-Sham wavefunction type      ... RKS
Hartree-Fock exchange scaling    ...    0.250
Number of operators              ...    1
Number of atoms                  ...    2
Basis set dimensions             ...   10
Integral neglect threshold       ... 2.5e-11
Integral primitive cutoff        ... 2.5e-12

Nuclear repulsion gradient       ... done
One Electron Gradient            ... done
Pre-screening matrix             ... done
RI-J gradient                    ... done
COSX-gradient                    ... done
Exchange-correlation gradient    ... done
Dispersion correction            ... done

------------------
CARTESIAN GRADIENT
------------------

   1   H   :   -0.085347769    0.000000000   -0.000000000
   2   H   :    0.085347769   -0.000000000    0.000000000

Difference to translation invariance:
           :   -0.0000000000   -0.0000000000   -0.0000000000

Norm of the cartesian gradient     ...    0.1206999731
RMS gradient                       ...    0.0492755577
MAX gradient                       ...    0.0853477695

-------
TIMINGS
-------

Total SCF gradient time            ...        0.201 sec

One electron gradient       ....       0.000 sec  (  0.1%)
Prescreening matrices       ....       0.000 sec  (  0.0%)
RI-J Coulomb gradient       ....       0.042 sec  ( 21.1%)
COSX gradient               ....       0.021 sec  ( 10.5%)
XC gradient                 ....       0.016 sec  (  8.1%)

                            ***************************************
                            *     ORCA property calculations      *
                            ***************************************

                                    ---------------------
                                    Active property flags
                                    ---------------------
   (+) Dipole Moment


------------------------------------------------------------------------------
                       ORCA ELECTRIC PROPERTIES CALCULATION
------------------------------------------------------------------------------

Dipole Moment Calculation                       ... on
Quadrupole Moment Calculation                   ... off
Polarizability Calculation                      ... off
GBWName                                         ... h2_disp_orca.gbw
Electron density file                           ... h2_disp_orca.scfp
The origin for moment calculation is the CENTER OF MASS  = ( 0.944863,  0.000000  0.000000)

-------------
DIPOLE MOMENT
-------------
                                X             Y             Z
Electronic contribution:      0.00000      -0.00000      -0.00000
Nuclear contribution   :      0.00000       0.00000       0.00000
                        -----------------------------------------
Total Dipole Moment    :      0.00000      -0.00000      -0.00000
                        -----------------------------------------
Magnitude (a.u.)       :      0.00000
Magnitude (Debye)      :      0.00000



--------------------
Rotational spectrum 
--------------------
 
Rotational constants in cm-1:     0.000000    33.447707    33.447707 
Rotational constants in MHz :     0.000000 1002737.042819 1002737.042819 

 Dipole components along the rotational axes: 
x,y,z [a.u.] :     0.000000    -0.000000    -0.000000 
x,y,z [Debye]:     0.000000    -0.000000    -0.000000 

 

Timings for individual modules:

Sum of individual times         ...        1.124 sec (=   0.019 min)
GTO integral calculation        ...        0.112 sec (=   0.002 min)  10.0 %
SCF iterations                  ...        0.764 sec (=   0.013 min)  67.9 %
SCF Gradient evaluation         ...        0.249 sec (=   0.004 min)  22.1 %
                             ****ORCA TERMINATED NORMALLY****
TOTAL RUN TIME: 0 days 0 hours 0 minutes 1 seconds 312 msec
