
                                 *****************
                                 * O   R   C   A *
                                 *****************

           --- An Ab Initio, DFT and Semiempirical electronic structure package ---

                  #######################################################
                  #                        -***-                        #
                  #          Department of theory and spectroscopy      #
                  #               Directorship: Frank Neese             #
                  #        Max Planck Institute fuer Kohlenforschung    #
                  #                Kaiser Wilhelm Platz 1               #
                  #                 D-45470 Muelheim/Ruhr               #
                  #                      Germany                        #
                  #                                                     #
                  #                  All rights reserved                #
                  #                        -***-                        #
                  #######################################################


                         Program Version 4.1.1  - RELEASE  -


 With contributions from (in alphabetic order):
   Daniel Aravena         : Magnetic Properties
   Michael Atanasov       : Ab Initio Ligand Field Theory
   Alexander A. Auer      : GIAO ZORA
   Ute Becker             : Parallelization
   Giovanni Bistoni       : ED, Open-shell LED
   Martin Brehm           : Molecular dynamics
   Dmytro Bykov           : SCF Hessian
   Vijay G. Chilkuri      : MRCI spin determinant printing
   Dipayan Datta          : RHF DLPNO-CCSD density
   Achintya Kumar Dutta   : EOM-CC, STEOM-CC
   Dmitry Ganyushin       : Spin-Orbit,Spin-Spin,Magnetic field MRCI
   Miquel Garcia          : C-PCM Hessian
   Yang Guo               : DLPNO-NEVPT2, CIM, IAO-localization
   Andreas Hansen         : Spin unrestricted coupled pair/coupled cluster methods
   Benjamin Helmich-Paris : CASSCF linear response (MC-RPA)
   Lee Huntington         : MR-EOM, pCC
   Robert Izsak           : Overlap fitted RIJCOSX, COSX-SCS-MP3, EOM
   Christian Kollmar      : KDIIS, OOCD, Brueckner-CCSD(T), CCSD density
   Simone Kossmann        : Meta GGA functionals, TD-DFT gradient, OOMP2, MP2 Hessian
   Martin Krupicka        : AUTO-CI
   Lucas Lang             : DCDCAS
   Dagmar Lenk            : GEPOL surface, SMD
   Dimitrios Liakos       : Extrapolation schemes; parallel MDCI
   Dimitrios Manganas     : ROCIS; embedding schemes
   Dimitrios Pantazis     : SARC Basis sets
   Taras Petrenko         : DFT Hessian,TD-DFT gradient, ASA, ECA, R-Raman, ABS, FL, XAS/XES, NRVS
   Peter Pinski           : DLPNO-MP2, DLPNO-MP2 Gradient
   Christoph Reimann      : Effective Core Potentials
   Marius Retegan         : Local ZFS, SOC
   Christoph Riplinger    : Optimizer, TS searches, QM/MM, DLPNO-CCSD(T), (RO)-DLPNO pert. Triples
   Tobias Risthaus        : Range-separated hybrids, TD-DFT gradient, RPA, STAB
   Michael Roemelt        : Restricted open shell CIS
   Masaaki Saitow         : Open-shell DLPNO
   Barbara Sandhoefer     : DKH picture change effects
   Avijit Sen             : IP-ROCIS
   Kantharuban Sivalingam : CASSCF convergence, NEVPT2, FIC-MRCI
   Bernardo de Souza      : ESD, SOC TD-DFT
   Georgi Stoychev        : AutoAux, RI-MP2 NMR
   Willem Van den Heuvel  : Paramagnetic NMR
   Boris Wezisla          : Elementary symmetry handling
   Frank Wennmohs         : Technical directorship


 We gratefully acknowledge several colleagues who have allowed us to
 interface, adapt or use parts of their codes:
   Stefan Grimme, W. Hujo, H. Kruse,             : VdW corrections, initial TS optimization,
                  C. Bannwarth                     DFT functionals, gCP, sTDA/sTD-DF
   Ed Valeev                                     : LibInt (2-el integral package), F12 methods
   Garnet Chan, S. Sharma, J. Yang, R. Olivares  : DMRG
   Ulf Ekstrom                                   : XCFun DFT Library
   Mihaly Kallay                                 : mrcc  (arbitrary order and MRCC methods)
   Andreas Klamt, Michael Diedenhofen            : otool_cosmo (COSMO solvation model)
   Jiri Pittner, Ondrej Demel                    : Mk-CCSD
   Frank Weinhold                                : gennbo (NPA and NBO analysis)
   Christopher J. Cramer and Donald G. Truhlar   : smd solvation model
   Lars Goerigk                                  : TD-DFT with DH, B97 family of functionals
   V. Asgeirsson, H. Jonsson                     : NEB implementation
   FAccTs GmbH                                   : IRC, NEB, NEB-TS, Multilevel


 Your calculation uses the libint2 library for the computation of 2-el integrals
 For citations please refer to: http://libint.valeyev.net

 This ORCA versions uses:
   CBLAS   interface :  Fast vector & matrix operations
   LAPACKE interface :  Fast linear algebra routines
   SCALAPACK package :  Parallel linear algebra routines


----- Orbital basis set information -----
Your calculation utilizes the basis: def2-SVP
   F. Weigend and R. Ahlrichs, Phys. Chem. Chem. Phys. 7, 3297 (2005).

----- AuxJ basis set information -----
Your calculation utilizes the auxiliary basis: def2/J
   F. Weigend, Phys. Chem. Chem. Phys. 8, 1057 (2006).

================================================================================
                                        WARNINGS
                       Please study these warnings very carefully!
================================================================================


INFO   : the flag for use of LIBINT has been found!

================================================================================
                                       INPUT FILE
================================================================================
NAME = H2_sp.inp
|  1> ! SP PBE def2-SVP
|  2> *xyz 0 1
|  3> H 0.0 0.0 0.0
|  4> H 0.0 0.0 1.0
|  5> *
|  6> 
|  7>                          ****END OF INPUT****
================================================================================

                       ****************************
                       * Single Point Calculation *
                       ****************************

---------------------------------
CARTESIAN COORDINATES (ANGSTROEM)
---------------------------------
  H      0.000000    0.000000    0.000000
  H      0.000000    0.000000    1.000000

----------------------------
CARTESIAN COORDINATES (A.U.)
----------------------------
  NO LB      ZA    FRAG     MASS         X           Y           Z
   0 H     1.0000    0     1.008    0.000000    0.000000    0.000000
   1 H     1.0000    0     1.008    0.000000    0.000000    1.889726

--------------------------------
INTERNAL COORDINATES (ANGSTROEM)
--------------------------------
 H      0   0   0     0.000000000000     0.00000000     0.00000000
 H      1   0   0     1.000000000000     0.00000000     0.00000000

---------------------------
INTERNAL COORDINATES (A.U.)
---------------------------
 H      0   0   0     0.000000000000     0.00000000     0.00000000
 H      1   0   0     1.889726133921     0.00000000     0.00000000

---------------------
BASIS SET INFORMATION
---------------------
There are 1 groups of distinct atoms

 Group   1 Type H   : 4s1p contracted to 2s1p pattern {31/1}

Atom   0H    basis set group =>   1
Atom   1H    basis set group =>   1
-------------------------------
AUXILIARY BASIS SET INFORMATION
-------------------------------
There are 1 groups of distinct atoms

 Group   1 Type H   : 5s2p1d contracted to 3s1p1d pattern {311/2/1}

Atom   0H    basis set group =>   1
Atom   1H    basis set group =>   1
------------------------------------------------------------------------------
                           ORCA GTO INTEGRAL CALCULATION
                           -- RI-GTO INTEGRALS CHOSEN --
------------------------------------------------------------------------------

                         BASIS SET STATISTICS AND STARTUP INFO

Gaussian basis set:
 # of primitive gaussian shells          ...   10
 # of primitive gaussian functions       ...   14
 # of contracted shells                  ...    6
 # of contracted basis functions         ...   10
 Highest angular momentum                ...    1
 Maximum contraction depth               ...    3
Auxiliary gaussian basis set:
 # of primitive gaussian shells          ...   16
 # of primitive gaussian functions       ...   32
 # of contracted shells                  ...   10
 # of contracted aux-basis functions     ...   22
 Highest angular momentum                ...    2
 Maximum contraction depth               ...    3
Ratio of auxiliary to basis functions    ...  2.20
Integral package used                  ... LIBINT
 One Electron integrals                  ... done
 Ordering auxiliary basis shells         ... done
 Integral threshhold             Thresh  ...  1.000e-10
 Primitive cut-off               TCut    ...  1.000e-11
 Pre-screening matrix                    ... done
 Shell pair data                         ... 
 Ordering of the shell pairs             ... done (   0.000 sec) 21 of 21 pairs
 Determination of significant pairs      ... done (   0.000 sec)
 Creation of shell pair data             ... done (   0.000 sec)
 Storage of shell pair data              ... done (   0.000 sec)
 Shell pair data done in (   0.000 sec)
 Computing two index integrals           ... done
 Cholesky decomposition of the V-matrix  ... done


Timings:
 Total evaluation time                   ...   0.209 sec (  0.003 min)
 One electron matrix time                ...   0.011 sec (  0.000 min) =  5.3%
 Schwartz matrix evaluation time         ...   0.168 sec (  0.003 min) = 80.3%
 Two index repulsion integral time       ...   0.000 sec (  0.000 min) =  0.1%
 Cholesky decomposition of V             ...   0.000 sec (  0.000 min) =  0.2%
 Three index repulsion integral time     ...   0.000 sec (  0.000 min) =  0.0%

-------------------------------------------------------------------------------
                                 ORCA SCF
-------------------------------------------------------------------------------

------------
SCF SETTINGS
------------
Hamiltonian:
 Density Functional     Method          .... DFT(GTOs)
 Exchange Functional    Exchange        .... PBE
   PBE kappa parameter   XKappa         ....  0.804000
   PBE mue parameter    XMuePBE         ....  0.219520
 Correlation Functional Correlation     .... PBE
   PBE beta parameter  CBetaPBE         ....  0.066725
 LDA part of GGA corr.  LDAOpt          .... PW91-LDA
 Gradients option       PostSCFGGA      .... off
   Density functional embedding theory  .... OFF
   NL short-range parameter             ....  6.400000
 RI-approximation to the Coulomb term is turned on
   Number of auxiliary basis functions  .... 22


General Settings:
 Integral files         IntName         .... H2_sp
 Hartree-Fock type      HFTyp           .... RHF
 Total Charge           Charge          ....    0
 Multiplicity           Mult            ....    1
 Number of Electrons    NEL             ....    2
 Basis Dimension        Dim             ....   10
 Nuclear Repulsion      ENuc            ....      0.5291772083 Eh

Convergence Acceleration:
 DIIS                   CNVDIIS         .... on
   Start iteration      DIISMaxIt       ....    12
   Startup error        DIISStart       ....  0.200000
   # of expansion vecs  DIISMaxEq       ....     5
   Bias factor          DIISBfac        ....   1.050
   Max. coefficient     DIISMaxC        ....  10.000
 Newton-Raphson         CNVNR           .... off
 SOSCF                  CNVSOSCF        .... on
   Start iteration      SOSCFMaxIt      ....   150
   Startup grad/error   SOSCFStart      ....  0.003300
 Level Shifting         CNVShift        .... on
   Level shift para.    LevelShift      ....    0.2500
   Turn off err/grad.   ShiftErr        ....    0.0010
 Zerner damping         CNVZerner       .... off
 Static damping         CNVDamp         .... on
   Fraction old density DampFac         ....    0.7000
   Max. Damping (<1)    DampMax         ....    0.9800
   Min. Damping (>=0)   DampMin         ....    0.0000
   Turn off err/grad.   DampErr         ....    0.1000
 Fernandez-Rico         CNVRico         .... off

SCF Procedure:
 Maximum # iterations   MaxIter         ....   125
 SCF integral mode      SCFMode         .... Direct
   Integral package                     .... LIBINT
 Reset frequency        DirectResetFreq ....    20
 Integral Threshold     Thresh          ....  1.000e-10 Eh
 Primitive CutOff       TCut            ....  1.000e-11 Eh

Convergence Tolerance:
 Convergence Check Mode ConvCheckMode   .... Total+1el-Energy
 Convergence forced     ConvForced      .... 0
 Energy Change          TolE            ....  1.000e-06 Eh
 1-El. energy change                    ....  1.000e-03 Eh
 Orbital Gradient       TolG            ....  5.000e-05
 Orbital Rotation angle TolX            ....  5.000e-05
 DIIS Error             TolErr          ....  1.000e-06


Diagonalization of the overlap matrix:
Smallest eigenvalue                        ... 1.144e-01
Time for diagonalization                   ...    0.038 sec
Threshold for overlap eigenvalues          ... 1.000e-08
Number of eigenvalues below threshold      ... 0
Time for construction of square roots      ...    0.125 sec
Total time needed                          ...    0.163 sec

-------------------
DFT GRID GENERATION
-------------------

General Integration Accuracy     IntAcc      ...  4.340
Radial Grid Type                 RadialGrid  ... Gauss-Chebyshev
Angular Grid (max. acc.)         AngularGrid ... Lebedev-110
Angular grid pruning method      GridPruning ... 3 (G Style)
Weight generation scheme         WeightScheme... Becke
Basis function cutoff            BFCut       ...    1.0000e-10
Integration weight cutoff        WCut        ...    1.0000e-14
Grids for H and He will be reduced by one unit

# of grid points (after initial pruning)     ...   1588 (   0.0 sec)
# of grid points (after weights+screening)   ...   1566 (   0.0 sec)
nearest neighbour list constructed           ...    0.0 sec
Grid point re-assignment to atoms done       ...    0.0 sec
Grid point division into batches done        ...    0.0 sec
Reduced shell lists constructed in    0.0 sec

Total number of grid points                  ...     1566
Total number of batches                      ...       26
Average number of points per batch           ...       60
Average number of grid points per atom       ...      783
Average number of shells per batch           ...     5.78 (96.30%)
Average number of basis functions per batch  ...     9.63 (96.30%)
Average number of large shells per batch     ...     5.78 (100.00%)
Average number of large basis fcns per batch ...     9.63 (100.00%)
Maximum spatial batch extension              ...  17.62, 21.59, 15.26 au
Average spatial batch extension              ...   7.02,  8.35,  5.11 au

Time for grid setup =    0.011 sec

------------------------------
INITIAL GUESS: MODEL POTENTIAL
------------------------------
Loading Hartree-Fock densities                     ... done
Calculating cut-offs                               ... done
Setting up the integral package                    ... done
Initializing the effective Hamiltonian             ... done
Starting the Coulomb interaction                   ... done (   0.0 sec)
Reading the grid                                   ... done
Mapping shells                                     ... done
Starting the XC term evaluation                    ... done (   0.0 sec)
  promolecular density results
     # of electrons  =      1.995342467
     EX              =     -0.539655111
     EC              =     -0.039204154
     EX+EC           =     -0.578859265
Transforming the Hamiltonian                       ... done (   0.0 sec)
Diagonalizing the Hamiltonian                      ... done (   0.0 sec)
Back transforming the eigenvectors                 ... done (   0.0 sec)
Now organizing SCF variables                       ... done
                      ------------------
                      INITIAL GUESS DONE (   0.2 sec)
                      ------------------
--------------
SCF ITERATIONS
--------------
ITER       Energy         Delta-E        Max-DP      RMS-DP      [F,P]     Damp
               ***  Starting incremental Fock matrix formation  ***
  0     -1.1371803703   0.000000000000 0.00800249  0.00156073  0.0277451 0.7000
  1     -1.1376074634  -0.000427093075 0.00733753  0.00142548  0.0194169 0.7000
                               ***Turning on DIIS***
  2     -1.1378921902  -0.000284726827 0.01726758  0.00334735  0.0123998 0.0000
  3     -1.1384268930  -0.000534702833 0.00253904  0.00049918  0.0034195 0.0000
                      *** Initiating the SOSCF procedure ***
                           *** Shutting down DIIS ***
                      *** Re-Reading the Fockian *** 
                      *** Removing any level shift *** 
ITER      Energy       Delta-E        Grad      Rot      Max-DP    RMS-DP
  4     -1.13844475  -0.0000178584  0.000599  0.000599  0.000999  0.000193
               *** Restarting incremental Fock matrix formation ***
  5     -1.13844598  -0.0000012260  0.000027  0.000038  0.000043  0.000008
                 **** Energy Check signals convergence ****
              ***Rediagonalizing the Fockian in SOSCF/NRSCF***

               *****************************************************
               *                     SUCCESS                       *
               *           SCF CONVERGED AFTER   6 CYCLES          *
               *****************************************************

Setting up the final grid:

General Integration Accuracy     IntAcc      ...  4.670
Radial Grid Type                 RadialGrid  ... Gauss-Chebyshev
Angular Grid (max. acc.)         AngularGrid ... Lebedev-302
Angular grid pruning method      GridPruning ... 3 (G Style)
Weight generation scheme         WeightScheme... Becke
Basis function cutoff            BFCut       ...    1.0000e-10
Integration weight cutoff        WCut        ...    1.0000e-14
Grids for H and He will be reduced by one unit

# of grid points (after initial pruning)     ...   6788 (   0.0 sec)
# of grid points (after weights+screening)   ...   6762 (   0.0 sec)
nearest neighbour list constructed           ...    0.0 sec
Grid point re-assignment to atoms done       ...    0.0 sec
Grid point division into batches done        ...    0.0 sec
Reduced shell lists constructed in    0.0 sec

Total number of grid points                  ...     6762
Total number of batches                      ...      106
Average number of points per batch           ...       63
Average number of grid points per atom       ...     3381
Average number of shells per batch           ...     5.61 (93.46%)
Average number of basis functions per batch  ...     9.10 (91.03%)
Average number of large shells per batch     ...     5.35 (95.33%)
Average number of large basis fcns per batch ...     8.58 (94.25%)
Maximum spatial batch extension              ...  15.43, 15.43, 13.36 au
Average spatial batch extension              ...   3.69,  3.69,  3.41 au

Final grid set up in    0.0 sec
Final integration                            ... done (   0.0 sec)
Change in XC energy                          ...    -0.000519751
Integrated number of electrons               ...     2.000001506
Previous integrated no of electrons          ...     1.996305491

----------------
TOTAL SCF ENERGY
----------------

Total Energy       :           -1.13896573 Eh             -30.99283 eV

Components:
Nuclear Repulsion  :            0.52917721 Eh              14.39964 eV
Electronic Energy  :           -1.66814294 Eh             -45.39248 eV
One Electron Energy:           -2.21299245 Eh             -60.21859 eV
Two Electron Energy:            0.54484951 Eh              14.82611 eV

Virial components:
Potential Energy   :           -2.07822305 Eh             -56.55132 eV
Kinetic Energy     :            0.93925732 Eh              25.55849 eV
Virial Ratio       :            2.21262375


DFT components:
N(Alpha)           :        1.000000753128 electrons
N(Beta)            :        1.000000753128 electrons
N(Total)           :        2.000001506257 electrons
E(X)               :       -0.581529952007 Eh       
E(C)               :       -0.042684508121 Eh       
E(XC)              :       -0.624214460128 Eh       
DFET-embed. en.    :        0.000000000000 Eh       

---------------
SCF CONVERGENCE
---------------

  Last Energy change         ...   -1.6201e-09  Tolerance :   1.0000e-06
  Last MAX-Density change    ...    8.9368e-06  Tolerance :   1.0000e-05
  Last RMS-Density change    ...    1.7428e-06  Tolerance :   1.0000e-06
  Last Orbital Gradient      ...    7.0603e-06  Tolerance :   5.0000e-05
  Last Orbital Rotation      ...    8.0205e-06  Tolerance :   5.0000e-05

             **** THE GBW FILE WAS UPDATED (H2_sp.gbw) ****
             **** DENSITY FILE WAS UPDATED (H2_sp.scfp.tmp) ****
             **** ENERGY FILE WAS UPDATED (H2_sp.en.tmp) ****
----------------
ORBITAL ENERGIES
----------------

  NO   OCC          E(Eh)            E(eV) 
   0   2.0000      -0.337975        -9.1968 
   1   0.0000      -0.009271        -0.2523 
   2   0.0000       0.358351         9.7512 
   3   0.0000       0.549625        14.9561 
   4   0.0000       1.125742        30.6330 
   5   0.0000       1.125742        30.6330 
   6   0.0000       1.451556        39.4988 
   7   0.0000       1.700412        46.2706 
   8   0.0000       1.700412        46.2706 
   9   0.0000       2.578536        70.1655 

                    ********************************
                    * MULLIKEN POPULATION ANALYSIS *
                    ********************************

-----------------------
MULLIKEN ATOMIC CHARGES
-----------------------
   0 H :   -0.000000
   1 H :   -0.000000
Sum of atomic charges:   -0.0000000

--------------------------------
MULLIKEN REDUCED ORBITAL CHARGES
--------------------------------
  0 H s       :     0.994220  s :     0.994220
      pz      :     0.005780  p :     0.005780
      px      :     0.000000
      py      :     0.000000
  1 H s       :     0.994220  s :     0.994220
      pz      :     0.005780  p :     0.005780
      px      :     0.000000
      py      :     0.000000


                     *******************************
                     * LOEWDIN POPULATION ANALYSIS *
                     *******************************

----------------------
LOEWDIN ATOMIC CHARGES
----------------------
   0 H :   -0.000000
   1 H :   -0.000000

-------------------------------
LOEWDIN REDUCED ORBITAL CHARGES
-------------------------------
  0 H s       :     0.983646  s :     0.983646
      pz      :     0.016354  p :     0.016354
      px      :     0.000000
      py      :     0.000000
  1 H s       :     0.983646  s :     0.983646
      pz      :     0.016354  p :     0.016354
      px      :     0.000000
      py      :     0.000000


                      *****************************
                      * MAYER POPULATION ANALYSIS *
                      *****************************

  NA   - Mulliken gross atomic population
  ZA   - Total nuclear charge
  QA   - Mulliken gross atomic charge
  VA   - Mayer's total valence
  BVA  - Mayer's bonded valence
  FA   - Mayer's free valence

  ATOM       NA         ZA         QA         VA         BVA        FA
  0 H      1.0000     1.0000    -0.0000     1.0000     1.0000    -0.0000
  1 H      1.0000     1.0000    -0.0000     1.0000     1.0000    -0.0000

  Mayer bond orders larger than 0.1
B(  0-H ,  1-H ) :   1.0000 

-------
TIMINGS
-------

Total SCF time: 0 days 0 hours 0 min 1 sec 

Total time                  ....       1.080 sec
Sum of individual times     ....       0.822 sec  ( 76.2%)

Fock matrix formation       ....       0.621 sec  ( 57.5%)
  Split-RI-J                ....       0.559 sec  ( 90.1% of F)
  XC integration            ....       0.055 sec  (  8.9% of F)
    Basis function eval.    ....       0.013 sec  ( 23.1% of XC)
    Density eval.           ....       0.007 sec  ( 12.2% of XC)
    XC-Functional eval.     ....       0.022 sec  ( 40.4% of XC)
    XC-Potential eval.      ....       0.003 sec  (  5.0% of XC)
Diagonalization             ....       0.000 sec  (  0.0%)
Density matrix formation    ....       0.000 sec  (  0.0%)
Population analysis         ....       0.001 sec  (  0.1%)
Initial guess               ....       0.161 sec  ( 14.9%)
Orbital Transformation      ....       0.000 sec  (  0.0%)
Orbital Orthonormalization  ....       0.000 sec  (  0.0%)
DIIS solution               ....       0.001 sec  (  0.0%)
SOSCF solution              ....       0.001 sec  (  0.1%)
Grid generation             ....       0.037 sec  (  3.4%)

-------------------------   --------------------
FINAL SINGLE POINT ENERGY        -1.138965730007
-------------------------   --------------------


                            ***************************************
                            *     ORCA property calculations      *
                            ***************************************

                                    ---------------------
                                    Active property flags
                                    ---------------------
   (+) Dipole Moment


------------------------------------------------------------------------------
                       ORCA ELECTRIC PROPERTIES CALCULATION
------------------------------------------------------------------------------

Dipole Moment Calculation                       ... on
Quadrupole Moment Calculation                   ... off
Polarizability Calculation                      ... off
GBWName                                         ... H2_sp.gbw
Electron density file                           ... H2_sp.scfp.tmp
The origin for moment calculation is the CENTER OF MASS  = ( 0.000000,  0.000000  0.944863)

-------------
DIPOLE MOMENT
-------------
                                X             Y             Z
Electronic contribution:      0.00000      -0.00000      -0.00000
Nuclear contribution   :      0.00000       0.00000       0.00000
                        -----------------------------------------
Total Dipole Moment    :      0.00000      -0.00000      -0.00000
                        -----------------------------------------
Magnitude (a.u.)       :      0.00000
Magnitude (Debye)      :      0.00000



--------------------
Rotational spectrum 
--------------------
 
Rotational constants in cm-1:     0.000000    33.447708    33.447708 
Rotational constants in MHz :     0.000000 1002737.062874 1002737.062874 

 Dipole components along the rotational axes: 
x,y,z [a.u.] :    -0.000000    -0.000000     0.000000 
x,y,z [Debye]:    -0.000000    -0.000000     0.000000 

 

Timings for individual modules:

Sum of individual times         ...        3.753 sec (=   0.063 min)
GTO integral calculation        ...        1.424 sec (=   0.024 min)  38.0 %
SCF iterations                  ...        2.329 sec (=   0.039 min)  62.0 %
                             ****ORCA TERMINATED NORMALLY****
TOTAL RUN TIME: 0 days 0 hours 0 minutes 5 seconds 124 msec
